******************************************************************************
                  TI ARM Linker PC v16.9.6                     
******************************************************************************
>> Linked Tue Aug 08 16:46:09 2023

OUTPUT FILE NAME:   <out_of_box_6843_aop.xer4f>
ENTRY POINT SYMBOL: "_c_int00"  address: 00007568


MEMORY CONFIGURATION

         name            origin    length      used     unused   attr    fill
----------------------  --------  ---------  --------  --------  ----  --------
PAGE 0:
  VECTORS               00000000   00000100  0000003c  000000c4     X
  PROG_RAM              00000100   0007ff00  0000a6bc  00075844  R  X
  DATA_RAM              08000000   00030000  000145a6  0001ba5a  RW  
  L3_RAM                51000000   000c0000  00000000  000c0000  RW  
  HWA_RAM               52030000   00010000  00000000  00010000  RW  
  HS_RAM                52080000   00008000  00000000  00008000  RW  

PAGE 1:
  L3_RAM                51000000   000c0000  00000000  000c0000  RW  


SEGMENT ALLOCATION MAP

run origin  load origin   length   init length attrs members
----------  ----------- ---------- ----------- ----- -------
00000000    00000000    0000003c   0000003c    r--
  00000000    00000000    0000003c   0000003c    r-- .vecs
00000100    00000100    0000a6c0   0000a6c0    r-x
  00000100    00000100    00009b92   00009b92    r-x .text
  00009c94    00009c94    0000084a   0000084a    r-- .const
  0000a4e0    0000a4e0    000002e0   000002e0    r-- .cinit
08000000    08000000    000145a8   00000000    rw-
  08000000    08000000    00010000   00000000    rw- systemHeap
  08010000    08010000    00002fc0   00000000    rw- .bss
  08012fc0    08012fc0    00000936   00000000    rw- .data
  080138f8    080138f8    00000800   00000000    rw- .myFiqStack
  080140f8    080140f8    000004b0   00000000    rw- .stack


SECTION ALLOCATION MAP

 output                                  attributes/
section   page    origin      length       input sections
--------  ----  ----------  ----------   ----------------
systemHeap 
*          0    08000000    00010000     UNINITIALIZED
                  08000000    00010000     mmw_per4ft.oer4ft (systemHeap)

.text      0    00000100    00009b92     
                  00000100    0000107a     rtsv7R4_T_le_v3D16_eabi.lib : _printfi.obj (.text)
                  0000117a    00000006     libosal_xwr68xx.aer4f : HwiP_tirtos.oer4f (.text:HwiP_restore)
                  00001180    000004e1     sysbios.aer4ft : BIOS.obj (.text:xdc_runtime_System_doPrint__I)
                  00001661    00000001     --HOLE-- [fill = 0]
                  00001662    0000000e     libosal_xwr68xx.aer4f : SemaphoreP_tirtos.oer4f (.text:SemaphoreP_delete)
                  00001670    000002f4     sysbios.aer4ft : BIOS.obj (.text:ti_sysbios_knl_Semaphore_pend__E)
                  00001964    0000000c     libuart_xwr68xx.aer4f : UART.oer4f (.text:UART_Params_init)
                  00001970    000002cc     sysbios.aer4ft : BIOS.obj (.text:ti_sysbios_knl_Task_Instance_finalize__E)
                  00001c3c    000002b8     rtsv7R4_T_le_v3D16_eabi.lib : ull_div32.obj (.text)
                  00001ef4    0000000c     libuart_xwr68xx.aer4f : uartsci_dma.oer4f (.text:UartSci_isDMAEnabled)
                  00001f00    000002a4     sysbios.aer4ft : BIOS.obj (.text:ti_sysbios_heaps_HeapMem_freeUnprotected__E)
                  000021a4    0000000c                    : arm_IntrinsicsSupport_asm.obj (.text:_ti_sysbios_family_arm_IntrinsicsSupport_maxbitA)
                  000021b0    00000280                    : BIOS.obj (.text:ti_sysbios_family_arm_exc_Exception_excDumpContext__I)
                  00002430    00000228                    : BIOS.obj (.text:ti_sysbios_heaps_HeapMem_allocUnprotected__E)
                  00002658    00000008     libosal_xwr68xx.aer4f : HwiP_tirtos.oer4f (.text:HwiP_disable)
                  00002660    00000224     sysbios.aer4ft : BIOS.obj (.text:ti_sysbios_timers_rti_Timer_Module_startup__E)
                  00002884    00000214     libuart_xwr68xx.aer4f : uartsci.oer4f (.text:UartSci_open)
                  00002a98    00000008     libosal_xwr68xx.aer4f : SemaphoreP_tirtos.oer4f (.text:SemaphoreP_Params_init)
                  00002aa0    00000204     sysbios.aer4ft : BIOS.obj (.text:ti_sysbios_knl_Task_sleep__E)
                  00002ca4    0000000c     rtsv7R4_T_le_v3D16_eabi.lib : copy_zero_init.obj (.text:decompress:ZI)
                  00002cb0    00000200     sysbios.aer4ft : BIOS.obj (.text:ti_sysbios_knl_Task_Instance_init__E)
                  00002eb0    000001f0     libdma_xwr68xx.aer4f : dma.oer4f (.text:DMA_setChannelParams)
                  000030a0    000001cc     sysbios.aer4ft : BIOS.obj (.text:ti_sysbios_family_arm_v7r_vim_Hwi_dispatchIRQC__I)
                  0000326c    000001c8     rtsv7R4_T_le_v3D16_eabi.lib : fopen.obj (.text)
                  00003434    0000000c     mmw_per4ft.oer4ft (.text:ti_sysbios_knl_Queue_Object__get__S)
                  00003440    0000019c     sysbios.aer4ft : BIOS.obj (.text:xdc_runtime_Error_policyDefault__E)
                  000035dc    00000004     main.oer4f (.text:MmwDemo_sleep)
                  000035e0    00000184     sysbios.aer4ft : BIOS.obj (.text:xdc_runtime_LoggerBuf_write8__E)
                  00003764    00000170     libgpio_xwr68xx.aer4f : gpio.oer4f (.text:GPIO_setConfig)
                  000038d4    0000000a     libosal_xwr68xx.aer4f : MemoryP_tirtos.oer4f (.text:MemoryP_ctrlFree)
                  000038de    00000002     libuart_xwr68xx.aer4f : uartsci.oer4f (.text:UartSci_init)
                  000038e0    0000016c     sysbios.aer4ft : BIOS.obj (.text:ti_sysbios_knl_Semaphore_post__E)
                  00003a4c    00000004     mmw_per4ft.oer4ft (.text:ti_sysbios_BIOS_RtsGateProxy_enter__E)
                  00003a50    00000168     sysbios.aer4ft : BIOS.obj (.text:ti_sysbios_family_arm_exc_Exception_excHandler__I)
                  00003bb8    00000008     mmw_per4ft.oer4ft (.text:xdc_runtime_Text_visitRope__I)
                  00003bc0    00000160     sysbios.aer4ft : BIOS.obj (.text:ti_sysbios_family_arm_v7r_vim_Hwi_reconfig__E)
                  00003d20    00000158                    : BIOS.obj (.text:ti_sysbios_knl_Task_postInit__I)
                  00003e78    0000014a     libuart_xwr68xx.aer4f : uartsci.oer4f (.text:UartSci_ISR)
                  00003fc2    0000000e     rtsv7R4_T_le_v3D16_eabi.lib : copy_decompress_none.obj (.text:decompress:none)
                  00003fd0    00000140     sysbios.aer4ft : BIOS.obj (.text:ti_sysbios_heaps_HeapMem_Instance_init__E)
                  00004110    00000140                    : BIOS.obj (.text:xdc_runtime_Core_createObject__I)
                  00004250    0000013c                    : BIOS.obj (.text:ti_sysbios_knl_Clock_workFunc__E)
                  0000438c    00000004     mmw_per4ft.oer4ft (.text:ti_sysbios_BIOS_RtsGateProxy_leave__E)
                  00004390    00000134     sysbios.aer4ft : BIOS.obj (.text:xdc_runtime_Startup_startMods__I)
                  000044c4    0000000a     libosal_xwr68xx.aer4f : SemaphoreP_tirtos.oer4f (.text:SemaphoreP_post)
                  000044ce    00000002     rtsv7R4_T_le_v3D16_eabi.lib : i_div0.obj (.text)
                  000044d0    00000128     sysbios.aer4ft : BIOS.obj (.text:ti_sysbios_utils_Load_updateThreadContexts__E)
                  000045f8    00000006                    : a15_TimestampProvider_asm.obj (.text:ti_sysbios_family_arm_a15_TimestampProvider_get32__E)
                  000045fe    00000002     mmw_per4ft.oer4ft (.text:ti_sysbios_BIOS_nullFunc__I)
                  00004600    00000120     sysbios.aer4ft : BIOS.obj (.text:xdc_runtime_LoggerBuf_write4__E)
                  00004720    00000118                    : BIOS.obj (.text:ti_sysbios_family_arm_v7r_vim_Hwi_Instance_init__E)
                  00004838    00000004     mmw_per4ft.oer4ft (.text:ti_sysbios_family_arm_TaskSupport_Module__startupDone__S)
                  0000483c    00000004     mmw_per4ft.oer4ft (.text:ti_sysbios_family_arm_v7r_vim_Hwi_delete)
                  00004840    0000010c     sysbios.aer4ft : BIOS.obj (.text:ti_sysbios_knl_Task_schedule__I)
                  0000494c    00000004     mmw_per4ft.oer4ft (.text:ti_sysbios_heaps_HeapMem_Module_GateProxy_enter__E)
                  00004950    0000010c     sysbios.aer4ft : BIOS.obj (.text:xdc_runtime_Core_constructObject__I)
                  00004a5c    00000108     libdma_xwr68xx.aer4f : dma.oer4f (.text:DMA_disableInterrupt)
                  00004b64    0000000a     libuart_xwr68xx.aer4f : UART.oer4f (.text:UART_write)
                  00004b6e    00000002     mmw_per4ft.oer4ft (.text:xdc_runtime_Startup_reset__I)
                  00004b70    00000104     sysbios.aer4ft : BIOS.obj (.text:ti_sysbios_timers_rti_Timer_getFreq__E)
                  00004c74    00000100     libdma_xwr68xx.aer4f : dma.oer4f (.text:DMA_clearChannelInterruptFlag)
                  00004d74    0000000a     sysbios.aer4ft : tms570_Core_asm.obj (.text:ti_sysbios_family_arm_v7r_tms570_Core_getId__E)
                  00004d7e    00000002     --HOLE-- [fill = 0]
                  00004d80    000000fc                    : BIOS.obj (.text:ti_sysbios_knl_Task_exit__E)
                  00004e7c    000000f8     mmw_per4ft.oer4ft (.text:xdc_runtime_System_printfExtend__I)
                  00004f74    0000000a     mmw_per4ft.oer4ft (.text:xdc_runtime_IHeap_alloc)
                  00004f7e    00000002     --HOLE-- [fill = 0]
                  00004f80    000000f0     sysbios.aer4ft : BIOS.obj (.text:ti_sysbios_family_arm_v7r_vim_Hwi_Module_startup__E)
                  00005070    000000f0                    : BIOS.obj (.text:ti_sysbios_knl_Task_startCore__E)
                  00005160    000000f0                    : BIOS.obj (.text:ti_sysbios_utils_Load_taskCreateHook__E)
                  00005250    000000ec     rtsv7R4_T_le_v3D16_eabi.lib : s_scalbn.obj (.text)
                  0000533c    00000004     mmw_per4ft.oer4ft (.text:ti_sysbios_heaps_HeapMem_Module_GateProxy_leave__E)
                  00005340    000000ec     sysbios.aer4ft : BIOS.obj (.text:ti_sysbios_heaps_HeapBuf_Module_startup__E)
                  0000542c    000000e0     libdma_xwr68xx.aer4f : dma.oer4f (.text:DMA_enableInterrupt)
                  0000550c    000000dc     rtsv7R4_T_le_v3D16_eabi.lib : setvbuf.obj (.text)
                  000055e8    00000004     mmw_per4ft.oer4ft (.text:ti_sysbios_knl_Clock_TimerProxy_getMaxTicks__E)
                  000055ec    00000004     mmw_per4ft.oer4ft (.text:ti_sysbios_knl_Semaphore_delete)
                  000055f0    000000d4     sysbios.aer4ft : BIOS.obj (.text:ti_sysbios_utils_Load_logLoads__I)
                  000056c4    000000d0                    : exc_Exception_asm.obj (.text:ti_sysbios_family_arm_exc_Exception_excHandlerAsm__I)
                  00005794    0000000a     mmw_per4ft.oer4ft (.text:xdc_runtime_IHeap_free)
                  0000579e    00000002     --HOLE-- [fill = 0]
                  000057a0    000000d0     sysbios.aer4ft : BIOS.obj (.text:ti_sysbios_utils_Load_idleFxn__E)
                  00005870    000000d0                    : BIOS.obj (.text:xdc_runtime_LoggerBuf_Instance_init__E)
                  00005940    000000cc     rtsv7R4_T_le_v3D16_eabi.lib : fflush.obj (.text)
                  00005a0c    00000004     mmw_per4ft.oer4ft (.text:xdc_runtime_LoggerBuf_Module_GateProxy_enter__E)
                  00005a10    000000cc     sysbios.aer4ft : BIOS.obj (.text:ti_sysbios_knl_Task_checkStacks__E)
                  00005adc    00000004     mmw_per4ft.oer4ft (.text:xdc_runtime_LoggerBuf_Module_GateProxy_leave__E)
                  00005ae0    000000c0     sysbios.aer4ft : BIOS.obj (.text:ti_sysbios_timers_rti_Timer_startup__E)
                  00005ba0    000000bc     libgpio_xwr68xx.aer4f : gpio.oer4f (.text:GPIO_write)
                  00005c5c    000000bc     rtsv7R4_T_le_v3D16_eabi.lib : open.obj (.text)
                  00005d18    000000b8     libdma_xwr68xx.aer4f : dma.oer4f (.text:DMA_getChannelInterruptFlag)
                  00005dd0    000000b4     sysbios.aer4ft : BIOS.obj (.text:ti_sysbios_gates_GateMutex_enter__E)
                  00005e84    00000004     mmw_per4ft.oer4ft (.text:xdc_runtime_System_Module_GateProxy_enter__E)
                  00005e88    00000004     mmw_per4ft.oer4ft (.text:xdc_runtime_System_Module_GateProxy_leave__E)
                  00005e8c    00000004     --HOLE-- [fill = 0]
                  00005e90    000000b4     sysbios.aer4ft : BIOS.obj (.text:xdc_runtime_LoggerBuf_setFilterLevel__E)
                  00005f44    000000b2     libuart_xwr68xx.aer4f : uartsci_dma.oer4f (.text:UartSci_openDMA)
                  00005ff6    0000000a     --HOLE-- [fill = 0]
                  00006000    000000b0     sysbios.aer4ft : BIOS.obj (.text:ti_sysbios_utils_Load_updateLoads__E)
                  000060b0    000000b0                    : BIOS.obj (.text:xdc_runtime_Text_putMod__E)
                  00006160    000000ae     rtsv7R4_T_le_v3D16_eabi.lib : _io_perm.obj (.text)
                  0000620e    00000002     --HOLE-- [fill = 0]
                  00006210    000000ac     sysbios.aer4ft : BIOS.obj (.text:ti_sysbios_knl_Task_Module_startup__E)
                  000062bc    00000004     --HOLE-- [fill = 0]
                  000062c0    000000ac                    : BIOS.obj (.text:ti_sysbios_utils_Load_startup__E)
                  0000636c    000000a8     libpinmux_xwr68xx.aer4f : pinmux.oer4f (.text:Pinmux_Set_OverrideCtrl)
                  00006414    000000a4     libdma_xwr68xx.aer4f : dma.oer4f (.text:DMA_assignChannel)
                  000064b8    00000008     --HOLE-- [fill = 0]
                  000064c0    000000a2     sysbios.aer4ft : BIOS.obj (.text:xdc_runtime_Text_putSite__E)
                  00006562    00000002     --HOLE-- [fill = 0]
                  00006564    000000a0     auto_init.aer4ft : auto_init.oer4ft (.text)
                  00006604    0000000c     --HOLE-- [fill = 0]
                  00006610    000000a0     sysbios.aer4ft : BIOS.obj (.text:ti_sysbios_knl_Task_blockI__E)
                  000066b0    0000009c     libuart_xwr68xx.aer4f : uartsci.oer4f (.text:UartSci_write)
                  0000674c    0000009c     rtsv7R4_T_le_v3D16_eabi.lib : memcpy_t2.obj (.text)
                  000067e8    00000008     --HOLE-- [fill = 0]
                  000067f0    0000009c     sysbios.aer4ft : BIOS.obj (.text:ti_sysbios_family_arm_v7r_vim_Hwi_initIntController__I)
                  0000688c    00000004     --HOLE-- [fill = 0]
                  00006890    0000009c                    : BIOS.obj (.text:ti_sysbios_family_arm_v7r_vim_Hwi_mapChannel__I)
                  0000692c    00000004     --HOLE-- [fill = 0]
                  00006930    0000009c                    : BIOS.obj (.text:ti_sysbios_knl_Semaphore_Instance_init__E)
                  000069cc    00000098     rtsv7R4_T_le_v3D16_eabi.lib : fclose.obj (.text)
                  00006a64    00000098                                 : fputc.obj (.text)
                  00006afc    00000098     sysbios.aer4ft : vim_Hwi_asm_switch.obj (.text)
                  00006b94    0000000c     --HOLE-- [fill = 0]
                  00006ba0    00000098                    : BIOS.obj (.text:ti_sysbios_utils_Load_taskDeleteHook__E)
                  00006c38    00000096     libuart_xwr68xx.aer4f : uartsci.oer4f (.text:UartSci_readChar)
                  00006cce    00000002     --HOLE-- [fill = 0]
                  00006cd0    00000094     sysbios.aer4ft : vim_Hwi_asm.obj (.text:ti_sysbios_family_arm_v7r_vim_Hwi_dispatchIRQ__I)
                  00006d64    00000090     libgpio_xwr68xx.aer4f : gpio.oer4f (.text:GPIO_init)
                  00006df4    00000090     libuart_xwr68xx.aer4f : uartsci_dma.oer4f (.text:UartSci_initiateTxDMA)
                  00006e84    00000090                           : uartsci.oer4f (.text:UartSci_read)
                  00006f14    0000000c     --HOLE-- [fill = 0]
                  00006f20    00000090     sysbios.aer4ft : BIOS.obj (.text:ti_sysbios_knl_Task_unblockI__E)
                  00006fb0    00000090                    : BIOS.obj (.text:xdc_runtime_LoggerBuf_getFilterLevel__E)
                  00007040    0000008c     libuart_xwr68xx.aer4f : uartsci_dma.oer4f (.text:UartSci_initiateRxDMA)
                  000070cc    00000004     --HOLE-- [fill = 0]
                  000070d0    0000008c     sysbios.aer4ft : BIOS.obj (.text:ti_sysbios_family_arm_v7r_vim_Hwi_Instance_finalize__E)
                  0000715c    00000004     --HOLE-- [fill = 0]
                  00007160    0000008c                    : BIOS.obj (.text:xdc_runtime_Memory_alloc__E)
                  000071ec    00000080     libuart_xwr68xx.aer4f : uartsci.oer4f (.text:UartSci_writePolling)
                  0000726c    00000004     --HOLE-- [fill = 0]
                  00007270    00000080     sysbios.aer4ft : BIOS.obj (.text:ti_sysbios_timers_rti_Timer_initDevice__I)
                  000072f0    0000007e     libosal_xwr68xx.aer4f : HwiP_tirtos.oer4f (.text:HwiP_create)
                  0000736e    00000002     --HOLE-- [fill = 0]
                  00007370    0000007c     libuart_xwr68xx.aer4f : uartsci.oer4f (.text:UartSci_readPolling)
                  000073ec    0000007c     sysbios.aer4ft : arm_TaskSupport_asm.obj (.text:_ti_sysbios_family_arm_TaskSupport_buildTaskStack)
                  00007468    00000008     --HOLE-- [fill = 0]
                  00007470    0000007c                    : BIOS.obj (.text:xdc_runtime_Core_deleteObject__I)
                  000074ec    0000007a     rtsv7R4_T_le_v3D16_eabi.lib : memset_t2.obj (.text)
                  00007566    00000002     --HOLE-- [fill = 0]
                  00007568    00000074     boot.aer4ft : boot.oer4ft (.text)
                  000075dc    00000074     rtsv7R4_T_le_v3D16_eabi.lib : getdevice.obj (.text)
                  00007650    00000074                                 : s_frexp.obj (.text)
                  000076c4    0000000c     --HOLE-- [fill = 0]
                  000076d0    00000070     sysbios.aer4ft : BIOS.obj (.text:xdc_runtime_Error_print__E)
                  00007740    0000006c     libdma_xwr68xx.aer4f : dma.oer4f (.text:DMA_disableChannel)
                  000077ac    0000006c                          : dma.oer4f (.text:DMA_enableChannel)
                  00007818    0000006c     libpinmux_xwr68xx.aer4f : pinmux.oer4f (.text:Pinmux_Set_FuncSel)
                  00007884    0000006c     rtsv7R4_T_le_v3D16_eabi.lib : copy_decompress_lzss.obj (.text:decompress:lzss)
                  000078f0    0000006c                                 : trgmsg.obj (.text)
                  0000795c    0000006a     libuart_xwr68xx.aer4f : uartsci.oer4f (.text:UartSci_control)
                  000079c6    00000002     --HOLE-- [fill = 0]
                  000079c8    00000068     rtsv7R4_T_le_v3D16_eabi.lib : hostlseek.obj (.text)
                  00007a30    00000068                                 : hostrename.obj (.text)
                  00007a98    00000064     libosal_xwr68xx.aer4f : SemaphoreP_tirtos.oer4f (.text:SemaphoreP_create)
                  00007afc    00000064     rtsv7R4_T_le_v3D16_eabi.lib : fseek.obj (.text)
                  00007b60    00000064     sysbios.aer4ft : exc_Exception_asm.obj (.text:ti_sysbios_family_arm_exc_Exception_initCore0__I)
                  00007bc4    0000000c     --HOLE-- [fill = 0]
                  00007bd0    00000064                    : BIOS.obj (.text:ti_sysbios_family_arm_v7r_vim_Hwi_phantomIntHandler__I)
                  00007c34    0000000c     --HOLE-- [fill = 0]
                  00007c40    00000064                    : BIOS.obj (.text:ti_sysbios_knl_Clock_logTick__E)
                  00007ca4    0000000c     --HOLE-- [fill = 0]
                  00007cb0    00000064                    : BIOS.obj (.text:ti_sysbios_utils_Load_logCPULoad__I)
                  00007d14    0000000c     --HOLE-- [fill = 0]
                  00007d20    00000064                    : BIOS.obj (.text:xdc_runtime_Startup_exec__E)
                  00007d84    0000000c     --HOLE-- [fill = 0]
                  00007d90    00000060                    : BIOS.obj (.text:ti_sysbios_heaps_HeapMem_alloc__E)
                  00007df0    00000060                    : BIOS.obj (.text:xdc_runtime_Assert_raise__I)
                  00007e50    0000005f                    : BIOS.obj (.text:xdc_runtime_Text_putLab__E)
                  00007eaf    00000001     --HOLE-- [fill = 0]
                  00007eb0    0000005e     libuart_xwr68xx.aer4f : uartsci.oer4f (.text:UartSci_writeChar)
                  00007f0e    00000002     --HOLE-- [fill = 0]
                  00007f10    0000005c     rtsv7R4_T_le_v3D16_eabi.lib : hostopen.obj (.text)
                  00007f6c    0000005c                                 : hostread.obj (.text)
                  00007fc8    00000008     --HOLE-- [fill = 0]
                  00007fd0    0000005c     sysbios.aer4ft : BIOS.obj (.text:ti_sysbios_utils_Load_updateCurrentThreadTime__E)
                  0000802c    0000005a     libuart_xwr68xx.aer4f : uartsci.oer4f (.text:UartSci_readCancel)
                  00008086    00000002     --HOLE-- [fill = 0]
                  00008088    00000058     main.oer4f (.text:UART_pin_init)
                  000080e0    00000058     libuart_xwr68xx.aer4f : uartsci_dma.oer4f (.text:UartSci_closeDMA)
                  00008138    00000058     rtsv7R4_T_le_v3D16_eabi.lib : close.obj (.text)
                  00008190    00000058                                 : hostwrite.obj (.text)
                  000081e8    00000054     libdma_xwr68xx.aer4f : dma.oer4f (.text:DMA_freeChannel)
                  0000823c    00000054     rtsv7R4_T_le_v3D16_eabi.lib : ltoa.obj (.text)
                  00008290    00000054     mmw_per4ft.oer4ft (.text:ti_sysbios_family_arm_v7r_vim_Hwi_create)
                  000082e4    0000000c     --HOLE-- [fill = 0]
                  000082f0    00000054     sysbios.aer4ft : BIOS.obj (.text:ti_sysbios_heaps_HeapMem_getStats__E)
                  00008344    0000000c     --HOLE-- [fill = 0]
                  00008350    00000054                    : BIOS.obj (.text:xdc_runtime_Core_assignLabel__I)
                  000083a4    00000050     rtsv7R4_T_le_v3D16_eabi.lib : atoi.obj (.text)
                  000083f4    00000050                                 : exit.obj (.text)
                  00008444    00000050                                 : u_div32.obj (.text)
                  00008494    0000000c     --HOLE-- [fill = 0]
                  000084a0    00000050     sysbios.aer4ft : BIOS.obj (.text:xdc_runtime_System_exit__E)
                  000084f0    0000004c     libuart_xwr68xx.aer4f : uartsci.oer4f (.text:UartSci_writeCancel)
                  0000853c    0000004c     rtsv7R4_T_le_v3D16_eabi.lib : cpy_tbl.obj (.text)
                  00008588    0000004c                                 : vsprintf.obj (.text)
                  000085d4    0000000c     --HOLE-- [fill = 0]
                  000085e0    0000004c     sysbios.aer4ft : BIOS.obj (.text:ti_sysbios_family_arm_v7r_vim_Hwi_getStackInfo__E)
                  0000862c    0000004c     mmw_per4ft.oer4ft (.text:ti_sysbios_knl_Task_create)
                  00008678    00000008     --HOLE-- [fill = 0]
                  00008680    0000004c     sysbios.aer4ft : BIOS.obj (.text:ti_sysbios_utils_Load_taskSwitchHook__E)
                  000086cc    00000004     --HOLE-- [fill = 0]
                  000086d0    0000004a                    : BIOS.obj (.text:xdc_runtime_Core_assignParams__I)
                  0000871a    00000006     --HOLE-- [fill = 0]
                  00008720    0000004a                    : BIOS.obj (.text:xdc_runtime_Text_xprintf__I)
                  0000876a    00000002     --HOLE-- [fill = 0]
                  0000876c    00000048     mmw_per4ft.oer4ft (.text:xdc_runtime_LoggerBuf_Object__create__S)
                  000087b4    00000044     rtsv7R4_T_le_v3D16_eabi.lib : hostclose.obj (.text)
                  000087f8    00000044                                 : hostunlink.obj (.text)
                  0000883c    00000004     --HOLE-- [fill = 0]
                  00008840    00000044     sysbios.aer4ft : BIOS.obj (.text:ti_sysbios_family_arm_v7r_tms570_Core_Module_startup__E)
                  00008884    0000000c     --HOLE-- [fill = 0]
                  00008890    00000044                    : BIOS.obj (.text:ti_sysbios_knl_Task_allBlockedFunction__I)
                  000088d4    0000000c     --HOLE-- [fill = 0]
                  000088e0    00000044                    : BIOS.obj (.text:xdc_runtime_LoggerBuf_Module_startup__E)
                  00008924    0000000c     --HOLE-- [fill = 0]
                  00008930    00000044                    : BIOS.obj (.text:xdc_runtime_System_atexit__E)
                  00008974    0000000c     --HOLE-- [fill = 0]
                  00008980    00000040                    : BIOS.obj (.text:ti_sysbios_timers_rti_Timer_stop__E)
                  000089c0    0000003e     libdma_xwr68xx.aer4f : dma.oer4f (.text:CSL_FINSR)
                  000089fe    0000003e     libgpio_xwr68xx.aer4f : gpio.oer4f (.text:CSL_FINSR)
                  00008a3c    0000003e     libpinmux_xwr68xx.aer4f : pinmux.oer4f (.text:CSL_FINSR)
                  00008a7a    0000003e     libuart_xwr68xx.aer4f : uartsci.oer4f (.text:CSL_FINSR)
                  00008ab8    0000003e                           : uartsci.oer4f (.text:UartSci_close)
                  00008af6    00000002     --HOLE-- [fill = 0]
                  00008af8    0000003c     sysbios.aer4ft : vim_Hwi_asm.obj (.text:ti_sysbios_family_arm_v7r_vim_Hwi_init__I)
                  00008b34    0000000c     --HOLE-- [fill = 0]
                  00008b40    0000003c                    : BIOS.obj (.text:ti_sysbios_hal_Hwi_checkStack)
                  00008b7c    00000004     --HOLE-- [fill = 0]
                  00008b80    0000003c                    : BIOS.obj (.text:ti_sysbios_heaps_HeapMem_init__I)
                  00008bbc    0000003a     libosal_xwr68xx.aer4f : HwiP_tirtos.oer4f (.text:HwiP_delete)
                  00008bf6    00000002     --HOLE-- [fill = 0]
                  00008bf8    00000038     libuart_xwr68xx.aer4f : UART.oer4f (.text:UART_init)
                  00008c30    00000038     main.oer4f (.text:UART_printf)
                  00008c68    00000036     rtsv7R4_T_le_v3D16_eabi.lib : strncpy.obj (.text)
                  00008c9e    00000002     --HOLE-- [fill = 0]
                  00008ca0    00000034     libuart_xwr68xx.aer4f : UART.oer4f (.text:UART_open)
                  00008cd4    0000000c     --HOLE-- [fill = 0]
                  00008ce0    00000034     sysbios.aer4ft : BIOS.obj (.text:ti_sysbios_family_arm_a15_TimestampProvider_get64__E)
                  00008d14    00000034     mmw_per4ft.oer4ft (.text:ti_sysbios_knl_Semaphore_create)
                  00008d48    00000032     main.oer4f (.text:MmwDemo_initTask)
                  00008d7a    00000006     --HOLE-- [fill = 0]
                  00008d80    00000032     sysbios.aer4ft : BIOS.obj (.text:ti_sysbios_hal_Hwi_initStack)
                  00008db2    00000002     --HOLE-- [fill = 0]
                  00008db4    00000030     main.oer4f (.text:main)
                  00008de4    00000030     mmw_per4ft.oer4ft (.text:ti_sysbios_BIOS_startFunc__I)
                  00008e14    0000000c     --HOLE-- [fill = 0]
                  00008e20    00000030     sysbios.aer4ft : BIOS.obj (.text:ti_sysbios_family_arm_TaskSupport_start__E)
                  00008e50    00000030     mmw_per4ft.oer4ft (.text:ti_sysbios_gates_GateHwi_Object__create__S)
                  00008e80    00000030     mmw_per4ft.oer4ft (.text:ti_sysbios_gates_GateMutex_Object__create__S)
                  00008eb0    00000030     mmw_per4ft.oer4ft (.text:ti_sysbios_heaps_HeapMem_Object__create__S)
                  00008ee0    00000030     sysbios.aer4ft : BIOS.obj (.text:ti_sysbios_heaps_HeapMem_free__E)
                  00008f10    00000030     mmw_per4ft.oer4ft (.text:ti_sysbios_knl_Semaphore_construct)
                  00008f40    0000002f     sysbios.aer4ft : BIOS.obj (.text:xdc_runtime_Text_printVisFxn__I)
                  00008f6f    00000001     --HOLE-- [fill = 0]
                  00008f70    0000002e                    : BIOS.obj (.text:ti_sysbios_knl_Semaphore_pendTimeout__I)
                  00008f9e    0000002e     mmw_per4ft.oer4ft (.text:ti_sysbios_rts_MemAlloc_alloc)
                  00008fcc    0000002c     libgpio_xwr68xx.aer4f : gpio.oer4f (.text:GPIO_HighPriorityISR)
                  00008ff8    0000002c                           : gpio.oer4f (.text:GPIO_LowPriorityISR)
                  00009024    0000002c     rtsv7R4_T_le_v3D16_eabi.lib : unlink.obj (.text)
                  00009050    0000002c     mmw_per4ft.oer4ft (.text:ti_sysbios_BIOS_atExitFunc__I)
                  0000907c    0000002c     mmw_per4ft.oer4ft (.text:ti_sysbios_knl_Clock_doTick__I)
                  000090a8    0000002c     mmw_per4ft.oer4ft (.text:ti_sysbios_knl_Queue_construct)
                  000090d4    0000000c     --HOLE-- [fill = 0]
                  000090e0    0000002c     sysbios.aer4ft : BIOS.obj (.text:ti_sysbios_timers_rti_Timer_periodicStub__E)
                  0000910c    00000028     libuart_xwr68xx.aer4f : uartsci_dma.oer4f (.text:UartSci_RxDMACallbackFxn)
                  00009134    00000028                           : uartsci_dma.oer4f (.text:UartSci_TxDMACallbackFxn)
                  0000915c    00000028     rtsv7R4_T_le_v3D16_eabi.lib : lseek.obj (.text)
                  00009184    00000028                                 : write.obj (.text)
                  000091ac    00000004     --HOLE-- [fill = 0]
                  000091b0    00000028     sysbios.aer4ft : BIOS.obj (.text:ti_sysbios_knl_Idle_run__E)
                  000091d8    00000008     --HOLE-- [fill = 0]
                  000091e0    00000028                    : BIOS.obj (.text:xdc_runtime_SysStd_abort__E)
                  00009208    00000008     --HOLE-- [fill = 0]
                  00009210    00000028                    : BIOS.obj (.text:xdc_runtime_System_aprintf_va__F)
                  00009238    00000008     --HOLE-- [fill = 0]
                  00009240    00000026                    : BIOS.obj (.text:xdc_runtime_System_printf_va__F)
                  00009266    00000002     --HOLE-- [fill = 0]
                  00009268    00000024     libgpio_xwr68xx.aer4f : gpio.oer4f (.text:GPIO_processInterrupt)
                  0000928c    00000024     mmw_per4ft.oer4ft (.text:ti_sysbios_BIOS_registerRTSLock__I)
                  000092b0    00000024     mmw_per4ft.oer4ft (.text:ti_sysbios_BIOS_removeRTSLock__I)
                  000092d4    00000024     mmw_per4ft.oer4ft (.text:ti_sysbios_gates_GateMutex_Object__delete__S)
                  000092f8    00000008     --HOLE-- [fill = 0]
                  00009300    00000024     sysbios.aer4ft : BIOS.obj (.text:ti_sysbios_knl_Clock_Module_startup__E)
                  00009324    00000024     mmw_per4ft.oer4ft (.text:ti_sysbios_knl_Semaphore_Object__delete__S)
                  00009348    00000022     main.oer4f (.text:Led_Toggle)
                  0000936a    00000022     libuart_xwr68xx.aer4f : uartsci.oer4f (.text:UartSci_disableRxDMA)
                  0000938c    00000022                           : uartsci.oer4f (.text:UartSci_enableRxDMA)
                  000093ae    00000020     main.oer4f (.text:GPIO_pin_init)
                  000093ce    00000002     --HOLE-- [fill = 0]
                  000093d0    00000020     libpinmux_xwr68xx.aer4f : pinmux.oer4f (.text:Pinmux_Unlock)
                  000093f0    00000020     sysbios.aer4ft : BIOS.obj (.text:ti_sysbios_family_arm_a15_TimestampProvider_autoRefreshFxn__I)
                  00009410    00000020                    : BIOS.obj (.text:ti_sysbios_family_arm_v7a_Pmu_Module_startup__E)
                  00009430    00000020     mmw_per4ft.oer4ft (.text:ti_sysbios_family_arm_v7r_vim_Hwi_Object__delete__S)
                  00009450    00000020     sysbios.aer4ft : BIOS.obj (.text:ti_sysbios_family_arm_v7r_vim_Hwi_disableInterrupt__E)
                  00009470    00000020                    : BIOS.obj (.text:ti_sysbios_family_arm_v7r_vim_Hwi_enableInterrupt__E)
                  00009490    00000020     mmw_per4ft.oer4ft (.text:ti_sysbios_gates_GateHwi_Object__delete__S)
                  000094b0    00000020     mmw_per4ft.oer4ft (.text:ti_sysbios_heaps_HeapMem_Object__delete__S)
                  000094d0    00000020     mmw_per4ft.oer4ft (.text:ti_sysbios_knl_Semaphore_destruct)
                  000094f0    00000020     mmw_per4ft.oer4ft (.text:xdc_runtime_LoggerBuf_Object__delete__S)
                  00009510    0000001e     mmw_per4ft.oer4ft (.text:ti_sysbios_BIOS_errorRaiseHook__I)
                  0000952e    0000001c     libdma_xwr68xx.aer4f : dma.oer4f (.text:CSL_FEXTR)
                  0000954a    0000001c     libuart_xwr68xx.aer4f : uartsci.oer4f (.text:CSL_FEXTR)
                  00009566    00000002     --HOLE-- [fill = 0]
                  00009568    0000001c     sysbios.aer4ft : arm_TaskSupport_asm.obj (.text:_ti_sysbios_family_arm_TaskSupport_glue)
                  00009584    0000001c                    : arm_TaskSupport_asm.obj (.text:_ti_sysbios_family_arm_TaskSupport_swap__E)
                  000095a0    0000001c     rtsv7R4_T_le_v3D16_eabi.lib : memccpy.obj (.text)
                  000095bc    0000001c     mmw_per4ft.oer4ft (.text:ti_sysbios_BIOS_rtsLock__I)
                  000095d8    00000008     --HOLE-- [fill = 0]
                  000095e0    0000001c     sysbios.aer4ft : BIOS.obj (.text:ti_sysbios_family_arm_v7r_vim_Hwi_clearInterrupt__E)
                  000095fc    00000004     --HOLE-- [fill = 0]
                  00009600    0000001c                    : BIOS.obj (.text:ti_sysbios_gates_GateMutex_Instance_init__E)
                  0000961c    00000004     --HOLE-- [fill = 0]
                  00009620    0000001c                    : BIOS.obj (.text:ti_sysbios_gates_GateMutex_leave__E)
                  0000963c    0000001c     mmw_per4ft.oer4ft (.text:ti_sysbios_knl_Queue_destruct)
                  00009658    00000008     --HOLE-- [fill = 0]
                  00009660    0000001c     sysbios.aer4ft : BIOS.obj (.text:ti_sysbios_knl_Task_restoreHwi__E)
                  0000967c    00000004     --HOLE-- [fill = 0]
                  00009680    0000001c                    : BIOS.obj (.text:xdc_runtime_LoggerBuf_Instance_finalize__E)
                  0000969c    0000001a     mmw_per4ft.oer4ft (.text:free)
                  000096b6    0000001a     rtsv7R4_T_le_v3D16_eabi.lib : s_copysign.obj (.text)
                  000096d0    0000001a     sysbios.aer4ft : a15_TimestampProvider_asm.obj (.text:ti_sysbios_family_arm_a15_TimestampProvider_initCCNT__I)
                  000096ea    0000001a     mmw_per4ft.oer4ft (.text:xdc_runtime_System_aprintf__E)
                  00009704    0000001a     mmw_per4ft.oer4ft (.text:xdc_runtime_System_printf__E)
                  0000971e    00000002     --HOLE-- [fill = 0]
                  00009720    00000018     rtsv7R4_T_le_v3D16_eabi.lib : args_main.obj (.text)
                  00009738    00000018                                 : strcmp.obj (.text)
                  00009750    00000018     mmw_per4ft.oer4ft (.text:ti_sysbios_BIOS_rtsUnlock__I)
                  00009768    00000018     sysbios.aer4ft : BIOS.obj (.text:ti_sysbios_family_arm_v7a_Pmu_initCounters__I)
                  00009780    00000018     mmw_per4ft.oer4ft (.text:ti_sysbios_family_arm_v7r_vim_Hwi_Module__startupDone__F)
                  00009798    00000018     mmw_per4ft.oer4ft (.text:ti_sysbios_family_arm_v7r_vim_Hwi_Params__init__S)
                  000097b0    00000018     mmw_per4ft.oer4ft (.text:ti_sysbios_gates_GateHwi_Handle__label__S)
                  000097c8    00000018     mmw_per4ft.oer4ft (.text:ti_sysbios_gates_GateMutex_Handle__label__S)
                  000097e0    00000018     mmw_per4ft.oer4ft (.text:ti_sysbios_heaps_HeapMem_Handle__label__S)
                  000097f8    00000018     mmw_per4ft.oer4ft (.text:ti_sysbios_knl_Semaphore_Params__init__S)
                  00009810    00000018     mmw_per4ft.oer4ft (.text:ti_sysbios_knl_Task_Params__init__S)
                  00009828    00000008     --HOLE-- [fill = 0]
                  00009830    00000018     sysbios.aer4ft : BIOS.obj (.text:ti_sysbios_knl_Task_enter__I)
                  00009848    00000018     mmw_per4ft.oer4ft (.text:ti_sysbios_timers_rti_Timer_Module__startupDone__F)
                  00009860    00000018     sysbios.aer4ft : BIOS.obj (.text:xdc_runtime_Error_init__E)
                  00009878    00000018     mmw_per4ft.oer4ft (.text:xdc_runtime_LoggerBuf_Handle__label__S)
                  00009890    00000016     rtsv7R4_T_le_v3D16_eabi.lib : strchr.obj (.text)
                  000098a6    00000016                                 : strlen.obj (.text)
                  000098bc    00000016     mmw_per4ft.oer4ft (.text:ti_sysbios_BIOS_exitFunc__I)
                  000098d2    0000000e     sysbios.aer4ft : a15_TimestampProvider_asm.obj (.text:ti_sysbios_family_arm_a15_TimestampProvider_getOverflowCCNT__I)
                  000098e0    00000016                    : BIOS.obj (.text:ti_sysbios_knl_Idle_loop__E)
                  000098f6    0000000a     --HOLE-- [fill = 0]
                  00009900    00000016                    : BIOS.obj (.text:ti_sysbios_knl_Task_sleepTimeout__I)
                  00009916    00000014     libosal_xwr68xx.aer4f : HwiP_tirtos.oer4f (.text:HwiP_Params_init)
                  0000992a    00000002     --HOLE-- [fill = 0]
                  0000992c    00000014     libpinmux_xwr68xx.aer4f : pinmux.oer4f (.text:Pinmux_Lock)
                  00009940    00000014     libuart_xwr68xx.aer4f : uartsci.oer4f (.text:UartSci_disableTxDMA)
                  00009954    00000014                           : uartsci.oer4f (.text:UartSci_enableTxDMA)
                  00009968    00000014     libosal_xwr68xx.aer4f : DebugP_tirtos.oer4f (.text:_DebugP_assert)
                  0000997c    00000014     rtsv7R4_T_le_v3D16_eabi.lib : _lock.obj (.text)
                  00009990    00000014                                 : strcpy.obj (.text)
                  000099a4    00000014     mmw_per4ft.oer4ft (.text:ti_sysbios_heaps_HeapMem_Object__get__S)
                  000099b8    00000014     mmw_per4ft.oer4ft (.text:xdc_runtime_LoggerBuf_Object__get__S)
                  000099cc    00000012     libosal_xwr68xx.aer4f : MemoryP_tirtos.oer4f (.text:MemoryP_ctrlAlloc)
                  000099de    00000012                           : SemaphoreP_tirtos.oer4f (.text:SemaphoreP_pend)
                  000099f0    00000012     sysbios.aer4ft : BIOS.obj (.text:ti_sysbios_hal_Hwi_Module_startup__E)
                  00009a02    0000000e     --HOLE-- [fill = 0]
                  00009a10    00000012                    : BIOS.obj (.text:xdc_runtime_LoggerBuf_write1__E)
                  00009a22    0000000e     --HOLE-- [fill = 0]
                  00009a30    00000012                    : BIOS.obj (.text:xdc_runtime_LoggerBuf_write2__E)
                  00009a42    00000012     mmw_per4ft.oer4ft (.text:xdc_runtime_Startup_exec__I)
                  00009a54    0000000c     --HOLE-- [fill = 0]
                  00009a60    00000010     sysbios.aer4ft : BIOS.obj (.text:ti_sysbios_BIOS_getCpuFreq__E)
                  00009a70    00000010                    : BIOS.obj (.text:ti_sysbios_BIOS_setThreadType__E)
                  00009a80    00000010                    : BIOS.obj (.text:ti_sysbios_BIOS_start__E)
                  00009a90    00000010                    : BIOS.obj (.text:ti_sysbios_family_arm_a15_TimestampProvider_Module_startup__E)
                  00009aa0    00000010                    : BIOS.obj (.text:ti_sysbios_family_arm_v7a_Pmu_getNumCounters__E)
                  00009ab0    00000010                    : BIOS.obj (.text:ti_sysbios_gates_GateMutex_Instance_finalize__E)
                  00009ac0    00000010     mmw_per4ft.oer4ft (.text:ti_sysbios_heaps_HeapBuf_Object__get__S)
                  00009ad0    00000010     sysbios.aer4ft : BIOS.obj (.text:ti_sysbios_knl_Semaphore_Instance_finalize__E)
                  00009ae0    00000010     mmw_per4ft.oer4ft (.text:ti_sysbios_knl_Task_Object__get__S)
                  00009af0    00000010     sysbios.aer4ft : BIOS.obj (.text:ti_sysbios_knl_Task_disable__E)
                  00009b00    00000010                    : BIOS.obj (.text:xdc_runtime_LoggerBuf_write0__E)
                  00009b10    00000010                    : BIOS.obj (.text:xdc_runtime_Memory_free__E)
                  00009b20    0000000e                    : BIOS.obj (.text:ti_sysbios_knl_Queue_empty__E)
                  00009b2e    00000002     --HOLE-- [fill = 0]
                  00009b30    0000000c                    : BIOS.obj (.text:ti_sysbios_family_arm_TaskSupport_checkStack__E)
                  00009b3c    00000004     --HOLE-- [fill = 0]
                  00009b40    0000000c                    : BIOS.obj (.text:ti_sysbios_family_arm_TaskSupport_getStackAlignment__E)
                  00009b4c    00000004     --HOLE-- [fill = 0]
                  00009b50    0000000c                    : BIOS.obj (.text:ti_sysbios_family_arm_exc_Exception_Module_startup__E)
                  00009b5c    00000004     --HOLE-- [fill = 0]
                  00009b60    0000000c                    : BIOS.obj (.text:ti_sysbios_family_arm_v7r_vim_Hwi_switchFromBootStack__E)
                  00009b6c    00000004     --HOLE-- [fill = 0]
                  00009b70    0000000c                    : BIOS.obj (.text:ti_sysbios_utils_Load_taskRegHook__E)
                  00009b7c    00000004     --HOLE-- [fill = 0]
                  00009b80    0000000c                    : BIOS.obj (.text:xdc_runtime_Startup_rtsDone__E)
                  00009b8c    00000004     --HOLE-- [fill = 0]
                  00009b90    0000000c                    : BIOS.obj (.text:xdc_runtime_SysStd_exit__E)
                  00009b9c    00000004     --HOLE-- [fill = 0]
                  00009ba0    0000000a                    : BIOS.obj (.text:xdc_runtime_LoggerBuf_disable__E)
                  00009baa    00000006     --HOLE-- [fill = 0]
                  00009bb0    0000000a                    : BIOS.obj (.text:xdc_runtime_LoggerBuf_enable__E)
                  00009bba    00000006     --HOLE-- [fill = 0]
                  00009bc0    00000008                    : BIOS.obj (.text:ti_sysbios_gates_GateHwi_enter__E)
                  00009bc8    00000008     --HOLE-- [fill = 0]
                  00009bd0    00000006                    : BIOS.obj (.text:ti_sysbios_family_arm_v7r_vim_Hwi_startup__E)
                  00009bd6    0000000a     --HOLE-- [fill = 0]
                  00009be0    00000006                    : BIOS.obj (.text:ti_sysbios_gates_GateHwi_leave__E)
                  00009be6    0000000a     --HOLE-- [fill = 0]
                  00009bf0    00000006                    : BIOS.obj (.text:ti_sysbios_heaps_HeapMem_isBlocking__E)
                  00009bf6    0000000a     --HOLE-- [fill = 0]
                  00009c00    00000006                    : BIOS.obj (.text:ti_sysbios_knl_Queue_Instance_init__E)
                  00009c06    0000000a     --HOLE-- [fill = 0]
                  00009c10    00000006                    : BIOS.obj (.text:xdc_runtime_System_Module_startup__E)
                  00009c16    0000000a     --HOLE-- [fill = 0]
                  00009c20    00000004                    : BIOS.obj (.text:ti_sysbios_gates_GateHwi_query__E)
                  00009c24    0000000c     --HOLE-- [fill = 0]
                  00009c30    00000004                    : BIOS.obj (.text:ti_sysbios_gates_GateMutex_query__E)
                  00009c34    0000000c     --HOLE-- [fill = 0]
                  00009c40    00000004                    : BIOS.obj (.text:ti_sysbios_knl_Task_startup__E)
                  00009c44    0000000c     --HOLE-- [fill = 0]
                  00009c50    00000004                    : BIOS.obj (.text:ti_sysbios_timers_rti_Timer_getMaxTicks__E)
                  00009c54    0000000c     --HOLE-- [fill = 0]
                  00009c60    00000004                    : BIOS.obj (.text:xdc_runtime_SysStd_putch__E)
                  00009c64    0000000c     --HOLE-- [fill = 0]
                  00009c70    00000004                    : BIOS.obj (.text:xdc_runtime_SysStd_ready__E)
                  00009c74    0000000c     --HOLE-- [fill = 0]
                  00009c80    00000002                    : BIOS.obj (.text:ti_sysbios_BIOS_linkedWithIncorrectBootLibrary__E)
                  00009c82    0000000e     --HOLE-- [fill = 0]
                  00009c90    00000002                    : BIOS.obj (.text:ti_sysbios_gates_GateHwi_Instance_init__E)

.const     0    00009c94    0000084a     
                  00009c94    00000101     rtsv7R4_T_le_v3D16_eabi.lib : ctype.obj (.const:.string:_ctypes_)
                  00009d95    00000080     mmw_per4ft.oer4ft (.const:ti_sysbios_family_arm_v7r_vim_Hwi_channelMap__A)
                  00009e15    00000001     mmw_per4ft.oer4ft (.const:xdc_runtime_Text_charTab__A)
                  00009e16    00000002     mmw_per4ft.oer4ft (.const:ti_sysbios_family_arm_exc_Exception_Module__id__C)
                  00009e18    00000058     mmw_per4ft.oer4ft (.const:.string)
                  00009e70    00000044     mmw_per4ft.oer4ft (.const:ti_sysbios_knl_Task_Object__PARAMS__C)
                  00009eb4    0000003c     libuart_xwr68xx.aer4f : UART.oer4f (.const:UART_defaultParams)
                  00009ef0    0000003c     mmw_per4ft.oer4ft (.const:xdc_runtime_LoggerBuf_Module__FXNS__C)
                  00009f2c    00000030     mmw_per4ft.oer4ft (.const:ti_sysbios_family_arm_v7r_vim_Hwi_Object__PARAMS__C)
                  00009f5c    00000030     mmw_per4ft.oer4ft (.const:xdc_runtime_Startup_sfxnTab__A)
                  00009f8c    00000028     mmw_per4ft.oer4ft (.const:ti_sysbios_heaps_HeapMem_Module__FXNS__C)
                  00009fb4    00000028     mmw_per4ft.oer4ft (.const:xdc_runtime_LoggerBuf_Object__PARAMS__C)
                  00009fdc    00000024     mmw_per4ft.oer4ft (.const:ti_sysbios_gates_GateHwi_Module__FXNS__C)
                  0000a000    00000024     mmw_per4ft.oer4ft (.const:ti_sysbios_gates_GateMutex_Module__FXNS__C)
                  0000a024    00000024     mmw_per4ft.oer4ft (.const:ti_sysbios_heaps_HeapMem_Object__PARAMS__C)
                  0000a048    00000024     mmw_per4ft.oer4ft (.const:ti_sysbios_knl_Semaphore_Object__PARAMS__C)
                  0000a06c    00000020     mmw_per4ft.oer4ft (.const:ti_sysbios_family_arm_v7r_vim_Hwi_Object__DESC__C)
                  0000a08c    00000020     mmw_per4ft.oer4ft (.const:ti_sysbios_gates_GateHwi_Object__DESC__C)
                  0000a0ac    00000020     mmw_per4ft.oer4ft (.const:ti_sysbios_gates_GateMutex_Object__DESC__C)
                  0000a0cc    00000020     mmw_per4ft.oer4ft (.const:ti_sysbios_heaps_HeapMem_Object__DESC__C)
                  0000a0ec    00000020     mmw_per4ft.oer4ft (.const:ti_sysbios_knl_Queue_Object__DESC__C)
                  0000a10c    00000020     mmw_per4ft.oer4ft (.const:ti_sysbios_knl_Semaphore_Object__DESC__C)
                  0000a12c    00000020     mmw_per4ft.oer4ft (.const:ti_sysbios_knl_Task_Object__DESC__C)
                  0000a14c    00000020     mmw_per4ft.oer4ft (.const:xdc_runtime_LoggerBuf_Object__DESC__C)
                  0000a16c    00000018     mmw_per4ft.oer4ft (.const:ti_sysbios_gates_GateHwi_Object__PARAMS__C)
                  0000a184    00000018     mmw_per4ft.oer4ft (.const:ti_sysbios_gates_GateMutex_Object__PARAMS__C)
                  0000a19c    00000018     mmw_per4ft.oer4ft (.const:ti_sysbios_knl_Queue_Object__PARAMS__C)
                  0000a1b4    00000018     mmw_per4ft.oer4ft (.const:ti_sysbios_knl_Task_hooks__A)
                  0000a1cc    00000018     mmw_per4ft.oer4ft (.const:xdc_runtime_Startup_sfxnRts__A)
                  0000a1e4    00000010     mmw_per4ft.oer4ft (.const:ti_sysbios_family_arm_v7r_vim_Hwi_intReqEnaSet__A)
                  0000a1f4    00000010     mmw_per4ft.oer4ft (.const:ti_sysbios_family_arm_v7r_vim_Hwi_wakeEnaSet__A)
                  0000a204    0000000c     mmw_per4ft.oer4ft (.const:ti_sysbios_knl_Idle_funcList__A)
                  0000a210    00000008     mmw_per4ft.oer4ft (.const:ti_sysbios_knl_Idle_funcList__C)
                  0000a218    00000008     mmw_per4ft.oer4ft (.const:ti_sysbios_knl_Task_hooks__C)
                  0000a220    00000008     mmw_per4ft.oer4ft (.const:xdc_runtime_Startup_firstFxns__A)
                  0000a228    00000008     mmw_per4ft.oer4ft (.const:xdc_runtime_Startup_firstFxns__C)
                  0000a230    00000008     mmw_per4ft.oer4ft (.const:xdc_runtime_Startup_lastFxns__C)
                  0000a238    00000004     mmw_per4ft.oer4ft (.const:ti_sysbios_family_arm_TaskSupport_stackAlignment__C)
                  0000a23c    00000004     mmw_per4ft.oer4ft (.const:ti_sysbios_family_arm_exc_Exception_E_dataAbort__C)
                  0000a240    00000004     mmw_per4ft.oer4ft (.const:ti_sysbios_family_arm_exc_Exception_E_prefetchAbort__C)
                  0000a244    00000004     mmw_per4ft.oer4ft (.const:ti_sysbios_family_arm_exc_Exception_E_swi__C)
                  0000a248    00000004     mmw_per4ft.oer4ft (.const:ti_sysbios_family_arm_exc_Exception_E_undefinedInstruction__C)
                  0000a24c    00000004     mmw_per4ft.oer4ft (.const:ti_sysbios_family_arm_exc_Exception_excHookFuncs__A)
                  0000a250    00000004     mmw_per4ft.oer4ft (.const:ti_sysbios_family_arm_exc_Exception_excHookFuncs__C)
                  0000a254    00000004     mmw_per4ft.oer4ft (.const:ti_sysbios_family_arm_v7r_tms570_Core_E_mismatchedIds__C)
                  0000a258    00000004     mmw_per4ft.oer4ft (.const:ti_sysbios_family_arm_v7r_tms570_Core_id__C)
                  0000a25c    00000004     mmw_per4ft.oer4ft (.const:ti_sysbios_family_arm_v7r_vim_Hwi_A_badChannelId__C)
                  0000a260    00000004     mmw_per4ft.oer4ft (.const:ti_sysbios_family_arm_v7r_vim_Hwi_E_alreadyDefined__C)
                  0000a264    00000004     mmw_per4ft.oer4ft (.const:ti_sysbios_family_arm_v7r_vim_Hwi_E_badIntNum__C)
                  0000a268    00000004     mmw_per4ft.oer4ft (.const:ti_sysbios_family_arm_v7r_vim_Hwi_E_phantomInterrupt__C)
                  0000a26c    00000004     mmw_per4ft.oer4ft (.const:ti_sysbios_family_arm_v7r_vim_Hwi_E_undefined__C)
                  0000a270    00000004     mmw_per4ft.oer4ft (.const:ti_sysbios_family_arm_v7r_vim_Hwi_E_unsupportedMaskingOption__C)
                  0000a274    00000004     mmw_per4ft.oer4ft (.const:ti_sysbios_family_arm_v7r_vim_Hwi_LD_end__C)
                  0000a278    00000004     mmw_per4ft.oer4ft (.const:ti_sysbios_family_arm_v7r_vim_Hwi_LM_begin__C)
                  0000a27c    00000004     mmw_per4ft.oer4ft (.const:ti_sysbios_family_arm_v7r_vim_Hwi_Module__diagsEnabled__C)
                  0000a280    00000004     mmw_per4ft.oer4ft (.const:ti_sysbios_family_arm_v7r_vim_Hwi_Module__diagsIncluded__C)
                  0000a284    00000004     mmw_per4ft.oer4ft (.const:ti_sysbios_family_arm_v7r_vim_Hwi_Module__diagsMask__C)
                  0000a288    00000004     mmw_per4ft.oer4ft (.const:ti_sysbios_family_arm_v7r_vim_Hwi_Module__loggerFxn1__C)
                  0000a28c    00000004     mmw_per4ft.oer4ft (.const:ti_sysbios_family_arm_v7r_vim_Hwi_Module__loggerFxn8__C)
                  0000a290    00000004     mmw_per4ft.oer4ft (.const:ti_sysbios_family_arm_v7r_vim_Hwi_Module__loggerObj__C)
                  0000a294    00000004     mmw_per4ft.oer4ft (.const:ti_sysbios_family_arm_v7r_vim_Hwi_NUM_INTERRUPTS__C)
                  0000a298    00000004     mmw_per4ft.oer4ft (.const:ti_sysbios_family_arm_v7r_vim_Hwi_channelMap__C)
                  0000a29c    00000004     mmw_per4ft.oer4ft (.const:ti_sysbios_family_arm_v7r_vim_Hwi_intReqEnaSet__C)
                  0000a2a0    00000004     mmw_per4ft.oer4ft (.const:ti_sysbios_family_arm_v7r_vim_Hwi_phantomFunc__C)
                  0000a2a4    00000004     mmw_per4ft.oer4ft (.const:ti_sysbios_family_arm_v7r_vim_Hwi_taskDisable__C)
                  0000a2a8    00000004     mmw_per4ft.oer4ft (.const:ti_sysbios_family_arm_v7r_vim_Hwi_taskRestoreHwi__C)
                  0000a2ac    00000004     mmw_per4ft.oer4ft (.const:ti_sysbios_family_arm_v7r_vim_Hwi_wakeEnaSet__C)
                  0000a2b0    00000004     mmw_per4ft.oer4ft (.const:ti_sysbios_gates_GateMutex_A_badContext__C)
                  0000a2b4    00000004     mmw_per4ft.oer4ft (.const:ti_sysbios_gates_GateMutex_Instance_State_sem__O)
                  0000a2b8    00000004     mmw_per4ft.oer4ft (.const:ti_sysbios_gates_GateMutex_Module__diagsEnabled__C)
                  0000a2bc    00000004     mmw_per4ft.oer4ft (.const:ti_sysbios_gates_GateMutex_Module__diagsIncluded__C)
                  0000a2c0    00000004     mmw_per4ft.oer4ft (.const:ti_sysbios_gates_GateMutex_Module__diagsMask__C)
                  0000a2c4    00000004     mmw_per4ft.oer4ft (.const:ti_sysbios_hal_Hwi_E_stackOverflow__C)
                  0000a2c8    00000004     mmw_per4ft.oer4ft (.const:ti_sysbios_heaps_HeapBuf_Instance_State_freeList__O)
                  0000a2cc    00000004     mmw_per4ft.oer4ft (.const:ti_sysbios_heaps_HeapBuf_Object__count__C)
                  0000a2d0    00000004     mmw_per4ft.oer4ft (.const:ti_sysbios_heaps_HeapBuf_numConstructedHeaps__C)
                  0000a2d4    00000004     mmw_per4ft.oer4ft (.const:ti_sysbios_heaps_HeapMem_A_align__C)
                  0000a2d8    00000004     mmw_per4ft.oer4ft (.const:ti_sysbios_heaps_HeapMem_A_heapSize__C)
                  0000a2dc    00000004     mmw_per4ft.oer4ft (.const:ti_sysbios_heaps_HeapMem_A_invalidFree__C)
                  0000a2e0    00000004     mmw_per4ft.oer4ft (.const:ti_sysbios_heaps_HeapMem_A_zeroBlock__C)
                  0000a2e4    00000004     mmw_per4ft.oer4ft (.const:ti_sysbios_heaps_HeapMem_E_memory__C)
                  0000a2e8    00000004     mmw_per4ft.oer4ft (.const:ti_sysbios_heaps_HeapMem_Module__diagsEnabled__C)
                  0000a2ec    00000004     mmw_per4ft.oer4ft (.const:ti_sysbios_heaps_HeapMem_Module__diagsIncluded__C)
                  0000a2f0    00000004     mmw_per4ft.oer4ft (.const:ti_sysbios_heaps_HeapMem_Module__diagsMask__C)
                  0000a2f4    00000004     mmw_per4ft.oer4ft (.const:ti_sysbios_heaps_HeapMem_Module__gateObj__C)
                  0000a2f8    00000004     mmw_per4ft.oer4ft (.const:ti_sysbios_heaps_HeapMem_Object__count__C)
                  0000a2fc    00000004     mmw_per4ft.oer4ft (.const:ti_sysbios_heaps_HeapMem_reqAlign__C)
                  0000a300    00000004     mmw_per4ft.oer4ft (.const:ti_sysbios_knl_Clock_LM_begin__C)
                  0000a304    00000004     mmw_per4ft.oer4ft (.const:ti_sysbios_knl_Clock_LM_tick__C)
                  0000a308    00000004     mmw_per4ft.oer4ft (.const:ti_sysbios_knl_Clock_LW_delayed__C)
                  0000a30c    00000004     mmw_per4ft.oer4ft (.const:ti_sysbios_knl_Clock_Module_State_clockQ__O)
                  0000a310    00000004     mmw_per4ft.oer4ft (.const:ti_sysbios_knl_Clock_Module__diagsEnabled__C)
                  0000a314    00000004     mmw_per4ft.oer4ft (.const:ti_sysbios_knl_Clock_Module__diagsIncluded__C)
                  0000a318    00000004     mmw_per4ft.oer4ft (.const:ti_sysbios_knl_Clock_Module__diagsMask__C)
                  0000a31c    00000004     mmw_per4ft.oer4ft (.const:ti_sysbios_knl_Clock_Module__loggerFxn1__C)
                  0000a320    00000004     mmw_per4ft.oer4ft (.const:ti_sysbios_knl_Clock_Module__loggerFxn2__C)
                  0000a324    00000004     mmw_per4ft.oer4ft (.const:ti_sysbios_knl_Clock_Module__loggerObj__C)
                  0000a328    00000004     mmw_per4ft.oer4ft (.const:ti_sysbios_knl_Semaphore_A_badContext__C)
                  0000a32c    00000004     mmw_per4ft.oer4ft (.const:ti_sysbios_knl_Semaphore_A_noEvents__C)
                  0000a330    00000004     mmw_per4ft.oer4ft (.const:ti_sysbios_knl_Semaphore_A_overflow__C)
                  0000a334    00000004     mmw_per4ft.oer4ft (.const:ti_sysbios_knl_Semaphore_A_pendTaskDisabled__C)
                  0000a338    00000004     mmw_per4ft.oer4ft (.const:ti_sysbios_knl_Semaphore_Instance_State_pendQ__O)
                  0000a33c    00000004     mmw_per4ft.oer4ft (.const:ti_sysbios_knl_Semaphore_LM_pend__C)
                  0000a340    00000004     mmw_per4ft.oer4ft (.const:ti_sysbios_knl_Semaphore_LM_post__C)
                  0000a344    00000004     mmw_per4ft.oer4ft (.const:ti_sysbios_knl_Semaphore_Module__diagsEnabled__C)
                  0000a348    00000004     mmw_per4ft.oer4ft (.const:ti_sysbios_knl_Semaphore_Module__diagsIncluded__C)
                  0000a34c    00000004     mmw_per4ft.oer4ft (.const:ti_sysbios_knl_Semaphore_Module__diagsMask__C)
                  0000a350    00000004     mmw_per4ft.oer4ft (.const:ti_sysbios_knl_Semaphore_Module__loggerFxn2__C)
                  0000a354    00000004     mmw_per4ft.oer4ft (.const:ti_sysbios_knl_Semaphore_Module__loggerFxn4__C)
                  0000a358    00000004     mmw_per4ft.oer4ft (.const:ti_sysbios_knl_Semaphore_Module__loggerObj__C)
                  0000a35c    00000004     mmw_per4ft.oer4ft (.const:ti_sysbios_knl_Task_A_badPriority__C)
                  0000a360    00000004     mmw_per4ft.oer4ft (.const:ti_sysbios_knl_Task_A_badTaskState__C)
                  0000a364    00000004     mmw_per4ft.oer4ft (.const:ti_sysbios_knl_Task_A_badThreadType__C)
                  0000a368    00000004     mmw_per4ft.oer4ft (.const:ti_sysbios_knl_Task_A_badTimeout__C)
                  0000a36c    00000004     mmw_per4ft.oer4ft (.const:ti_sysbios_knl_Task_A_noPendElem__C)
                  0000a370    00000004     mmw_per4ft.oer4ft (.const:ti_sysbios_knl_Task_A_sleepTaskDisabled__C)
                  0000a374    00000004     mmw_per4ft.oer4ft (.const:ti_sysbios_knl_Task_E_spOutOfBounds__C)
                  0000a378    00000004     mmw_per4ft.oer4ft (.const:ti_sysbios_knl_Task_E_stackOverflow__C)
                  0000a37c    00000004     mmw_per4ft.oer4ft (.const:ti_sysbios_knl_Task_LD_block__C)
                  0000a380    00000004     mmw_per4ft.oer4ft (.const:ti_sysbios_knl_Task_LD_exit__C)
                  0000a384    00000004     mmw_per4ft.oer4ft (.const:ti_sysbios_knl_Task_LD_ready__C)
                  0000a388    00000004     mmw_per4ft.oer4ft (.const:ti_sysbios_knl_Task_LM_sleep__C)
                  0000a38c    00000004     mmw_per4ft.oer4ft (.const:ti_sysbios_knl_Task_LM_switch__C)
                  0000a390    00000004     mmw_per4ft.oer4ft (.const:ti_sysbios_knl_Task_Module_State_inactiveQ__O)
                  0000a394    00000004     mmw_per4ft.oer4ft (.const:ti_sysbios_knl_Task_Module__diagsEnabled__C)
                  0000a398    00000004     mmw_per4ft.oer4ft (.const:ti_sysbios_knl_Task_Module__diagsIncluded__C)
                  0000a39c    00000004     mmw_per4ft.oer4ft (.const:ti_sysbios_knl_Task_Module__diagsMask__C)
                  0000a3a0    00000004     mmw_per4ft.oer4ft (.const:ti_sysbios_knl_Task_Module__loggerFxn2__C)
                  0000a3a4    00000004     mmw_per4ft.oer4ft (.const:ti_sysbios_knl_Task_Module__loggerFxn4__C)
                  0000a3a8    00000004     mmw_per4ft.oer4ft (.const:ti_sysbios_knl_Task_Module__loggerObj__C)
                  0000a3ac    00000004     mmw_per4ft.oer4ft (.const:ti_sysbios_knl_Task_Object__count__C)
                  0000a3b0    00000004     mmw_per4ft.oer4ft (.const:ti_sysbios_knl_Task_Object__heap__C)
                  0000a3b4    00000004     mmw_per4ft.oer4ft (.const:ti_sysbios_knl_Task_allBlockedFunc__C)
                  0000a3b8    00000004     mmw_per4ft.oer4ft (.const:ti_sysbios_knl_Task_defaultStackHeap__C)
                  0000a3bc    00000004     mmw_per4ft.oer4ft (.const:ti_sysbios_knl_Task_defaultStackSize__C)
                  0000a3c0    00000004     mmw_per4ft.oer4ft (.const:ti_sysbios_knl_Task_numConstructedTasks__C)
                  0000a3c4    00000004     mmw_per4ft.oer4ft (.const:ti_sysbios_timers_rti_Timer_E_cannotSupport__C)
                  0000a3c8    00000004     mmw_per4ft.oer4ft (.const:ti_sysbios_timers_rti_Timer_Module__diagsEnabled__C)
                  0000a3cc    00000004     mmw_per4ft.oer4ft (.const:ti_sysbios_timers_rti_Timer_Module__diagsIncluded__C)
                  0000a3d0    00000004     mmw_per4ft.oer4ft (.const:ti_sysbios_timers_rti_Timer_Module__diagsMask__C)
                  0000a3d4    00000004     mmw_per4ft.oer4ft (.const:ti_sysbios_timers_rti_Timer_numTimerDevices__C)
                  0000a3d8    00000004     mmw_per4ft.oer4ft (.const:ti_sysbios_timers_rti_Timer_startupNeeded__C)
                  0000a3dc    00000004     mmw_per4ft.oer4ft (.const:ti_sysbios_utils_Load_LS_cpuLoad__C)
                  0000a3e0    00000004     mmw_per4ft.oer4ft (.const:ti_sysbios_utils_Load_LS_taskLoad__C)
                  0000a3e4    00000004     mmw_per4ft.oer4ft (.const:ti_sysbios_utils_Load_Module_State_taskList__O)
                  0000a3e8    00000004     mmw_per4ft.oer4ft (.const:ti_sysbios_utils_Load_Module__diagsEnabled__C)
                  0000a3ec    00000004     mmw_per4ft.oer4ft (.const:ti_sysbios_utils_Load_Module__diagsIncluded__C)
                  0000a3f0    00000004     mmw_per4ft.oer4ft (.const:ti_sysbios_utils_Load_Module__diagsMask__C)
                  0000a3f4    00000004     mmw_per4ft.oer4ft (.const:ti_sysbios_utils_Load_Module__loggerFxn1__C)
                  0000a3f8    00000004     mmw_per4ft.oer4ft (.const:ti_sysbios_utils_Load_Module__loggerFxn4__C)
                  0000a3fc    00000004     mmw_per4ft.oer4ft (.const:ti_sysbios_utils_Load_Module__loggerObj__C)
                  0000a400    00000004     mmw_per4ft.oer4ft (.const:ti_sysbios_utils_Load_postUpdate__C)
                  0000a404    00000004     mmw_per4ft.oer4ft (.const:ti_sysbios_utils_Load_windowInMs__C)
                  0000a408    00000004     mmw_per4ft.oer4ft (.const:xdc_runtime_Assert_E_assertFailed__C)
                  0000a40c    00000004     mmw_per4ft.oer4ft (.const:xdc_runtime_Core_A_initializedParams__C)
                  0000a410    00000004     mmw_per4ft.oer4ft (.const:xdc_runtime_Core_Module__diagsEnabled__C)
                  0000a414    00000004     mmw_per4ft.oer4ft (.const:xdc_runtime_Core_Module__diagsIncluded__C)
                  0000a418    00000004     mmw_per4ft.oer4ft (.const:xdc_runtime_Core_Module__diagsMask__C)
                  0000a41c    00000004     mmw_per4ft.oer4ft (.const:xdc_runtime_Error_E_memory__C)
                  0000a420    00000004     mmw_per4ft.oer4ft (.const:xdc_runtime_Error_Module__diagsEnabled__C)
                  0000a424    00000004     mmw_per4ft.oer4ft (.const:xdc_runtime_Error_Module__diagsIncluded__C)
                  0000a428    00000004     mmw_per4ft.oer4ft (.const:xdc_runtime_Error_Module__diagsMask__C)
                  0000a42c    00000004     mmw_per4ft.oer4ft (.const:xdc_runtime_Error_Module__loggerFxn8__C)
                  0000a430    00000004     mmw_per4ft.oer4ft (.const:xdc_runtime_Error_Module__loggerObj__C)
                  0000a434    00000004     mmw_per4ft.oer4ft (.const:xdc_runtime_Error_policyFxn__C)
                  0000a438    00000004     mmw_per4ft.oer4ft (.const:xdc_runtime_Error_policy__C)
                  0000a43c    00000004     mmw_per4ft.oer4ft (.const:xdc_runtime_Error_raiseHook__C)
                  0000a440    00000004     mmw_per4ft.oer4ft (.const:xdc_runtime_IFilterLogger_Interface__BASE__C)
                  0000a444    00000004     mmw_per4ft.oer4ft (.const:xdc_runtime_IGateProvider_Interface__BASE__C)
                  0000a448    00000004     mmw_per4ft.oer4ft (.const:xdc_runtime_IHeap_Interface__BASE__C)
                  0000a44c    00000004     mmw_per4ft.oer4ft (.const:xdc_runtime_ILogger_Interface__BASE__C)
                  0000a450    00000004     mmw_per4ft.oer4ft (.const:xdc_runtime_IModule_Interface__BASE__C)
                  0000a454    00000004     mmw_per4ft.oer4ft (.const:xdc_runtime_Log_L_error__C)
                  0000a458    00000004     mmw_per4ft.oer4ft (.const:xdc_runtime_LoggerBuf_E_badLevel__C)
                  0000a45c    00000004     mmw_per4ft.oer4ft (.const:xdc_runtime_LoggerBuf_Module__gateObj__C)
                  0000a460    00000004     mmw_per4ft.oer4ft (.const:xdc_runtime_LoggerBuf_Object__count__C)
                  0000a464    00000004     mmw_per4ft.oer4ft (.const:xdc_runtime_LoggerBuf_statusLogger__C)
                  0000a468    00000004     mmw_per4ft.oer4ft (.const:xdc_runtime_Memory_defaultHeapInstance__C)
                  0000a46c    00000004     mmw_per4ft.oer4ft (.const:xdc_runtime_Startup_execImpl__C)
                  0000a470    00000004     mmw_per4ft.oer4ft (.const:xdc_runtime_Startup_maxPasses__C)
                  0000a474    00000004     mmw_per4ft.oer4ft (.const:xdc_runtime_Startup_sfxnRts__C)
                  0000a478    00000004     mmw_per4ft.oer4ft (.const:xdc_runtime_Startup_sfxnTab__C)
                  0000a47c    00000004     mmw_per4ft.oer4ft (.const:xdc_runtime_System_Module__gateObj__C)
                  0000a480    00000004     mmw_per4ft.oer4ft (.const:xdc_runtime_System_abortFxn__C)
                  0000a484    00000004     mmw_per4ft.oer4ft (.const:xdc_runtime_System_exitFxn__C)
                  0000a488    00000004     mmw_per4ft.oer4ft (.const:xdc_runtime_System_extendFxn__C)
                  0000a48c    00000004     mmw_per4ft.oer4ft (.const:xdc_runtime_System_maxAtexitHandlers__C)
                  0000a490    00000004     mmw_per4ft.oer4ft (.const:xdc_runtime_Text_charTab__C)
                  0000a494    00000004     mmw_per4ft.oer4ft (.const:xdc_runtime_Text_nameEmpty__C)
                  0000a498    00000004     mmw_per4ft.oer4ft (.const:xdc_runtime_Text_nameStatic__C)
                  0000a49c    00000004     mmw_per4ft.oer4ft (.const:xdc_runtime_Text_nameUnknown__C)
                  0000a4a0    00000004     mmw_per4ft.oer4ft (.const:xdc_runtime_Text_visitRopeFxn__C)
                  0000a4a4    00000002     mmw_per4ft.oer4ft (.const:ti_sysbios_family_arm_v7r_tms570_Core_Module__id__C)
                  0000a4a6    00000002     mmw_per4ft.oer4ft (.const:ti_sysbios_family_arm_v7r_vim_Hwi_Module__id__C)
                  0000a4a8    00000002     mmw_per4ft.oer4ft (.const:ti_sysbios_family_arm_v7r_vim_Hwi_Module__loggerDefined__C)
                  0000a4aa    00000002     mmw_per4ft.oer4ft (.const:ti_sysbios_gates_GateMutex_Module__id__C)
                  0000a4ac    00000002     mmw_per4ft.oer4ft (.const:ti_sysbios_hal_Hwi_Module__id__C)
                  0000a4ae    00000002     mmw_per4ft.oer4ft (.const:ti_sysbios_heaps_HeapMem_Module__id__C)
                  0000a4b0    00000002     mmw_per4ft.oer4ft (.const:ti_sysbios_knl_Clock_Module__id__C)
                  0000a4b2    00000002     mmw_per4ft.oer4ft (.const:ti_sysbios_knl_Clock_Module__loggerDefined__C)
                  0000a4b4    00000002     mmw_per4ft.oer4ft (.const:ti_sysbios_knl_Semaphore_Module__id__C)
                  0000a4b6    00000002     mmw_per4ft.oer4ft (.const:ti_sysbios_knl_Semaphore_Module__loggerDefined__C)
                  0000a4b8    00000002     mmw_per4ft.oer4ft (.const:ti_sysbios_knl_Task_Module__id__C)
                  0000a4ba    00000002     mmw_per4ft.oer4ft (.const:ti_sysbios_knl_Task_Module__loggerDefined__C)
                  0000a4bc    00000002     mmw_per4ft.oer4ft (.const:ti_sysbios_timers_rti_Timer_Module__id__C)
                  0000a4be    00000002     mmw_per4ft.oer4ft (.const:ti_sysbios_timers_rti_Timer_continueOnSuspend__C)
                  0000a4c0    00000002     mmw_per4ft.oer4ft (.const:ti_sysbios_utils_Load_Module__id__C)
                  0000a4c2    00000002     mmw_per4ft.oer4ft (.const:ti_sysbios_utils_Load_Module__loggerDefined__C)
                  0000a4c4    00000002     mmw_per4ft.oer4ft (.const:ti_sysbios_utils_Load_autoAddTasks__C)
                  0000a4c6    00000002     mmw_per4ft.oer4ft (.const:ti_sysbios_utils_Load_updateInIdle__C)
                  0000a4c8    00000002     mmw_per4ft.oer4ft (.const:xdc_runtime_Core_Module__id__C)
                  0000a4ca    00000002     mmw_per4ft.oer4ft (.const:xdc_runtime_Error_Module__loggerDefined__C)
                  0000a4cc    00000002     mmw_per4ft.oer4ft (.const:xdc_runtime_Error_maxDepth__C)
                  0000a4ce    00000002     mmw_per4ft.oer4ft (.const:xdc_runtime_LoggerBuf_Module__id__C)
                  0000a4d0    00000002     mmw_per4ft.oer4ft (.const:xdc_runtime_LoggerBuf_filterByLevel__C)
                  0000a4d2    00000002     mmw_per4ft.oer4ft (.const:xdc_runtime_Main_Module__id__C)
                  0000a4d4    00000002     mmw_per4ft.oer4ft (.const:xdc_runtime_Memory_Module__id__C)
                  0000a4d6    00000002     mmw_per4ft.oer4ft (.const:xdc_runtime_Text_charCnt__C)
                  0000a4d8    00000002     mmw_per4ft.oer4ft (.const:xdc_runtime_Text_isLoaded__C)
                  0000a4da    00000002     mmw_per4ft.oer4ft (.const:xdc_runtime_Text_registryModsLastId__C)
                  0000a4dc    00000002     mmw_per4ft.oer4ft (.const:xdc_runtime_Text_unnamedModsLastId__C)

.cinit     0    0000a4e0    000002e0     
                  0000a4e0    0000029a     (.cinit..data.load) [load image, compression = lzss]
                  0000a77a    00000002     --HOLE-- [fill = 0]
                  0000a77c    0000000c     (__TI_handler_table)
                  0000a788    00000008     (.cinit..bss.load) [load image, compression = zero_init]
                  0000a790    00000008     (.cinit..myFiqStack.load) [load image, compression = zero_init]
                  0000a798    00000008     (.cinit.systemHeap.load) [load image, compression = zero_init]
                  0000a7a0    00000020     (__TI_cinit_table)

.vecs      0    00000000    0000003c     
                  00000000    0000003c     mmw_per4ft.oer4ft (.vecs)

.bss       0    08010000    00002fc0     UNINITIALIZED
                  08010000    00001900     (.common:xdc_runtime_LoggerBuf_Instance_State_0_entryArr__A)
                  08011900    00001000     (.common:ti_sysbios_family_arm_exc_Exception_Module_State_0_excStack_0__A)
                  08012900    00000320     mmw_per4ft.oer4ft (.bss:taskStackSection)
                  08012c20    00000194     (.common:gGPIOMCB)
                  08012db4    00000120     rtsv7R4_T_le_v3D16_eabi.lib : trgmsg.obj (.bss:_CIOBUF_)
                  08012ed4    000000a0     (.common:__TI_tmpnams)
                  08012f74    00000040     main.oer4f (.bss:$O1$$)
                  08012fb4    00000008     (.common:parmbuf)
                  08012fbc    00000004     (.common:ti_sysbios_knl_Task_Instance_State_0_hookEnv__A)

.data      0    08012fc0    00000936     UNINITIALIZED
                  08012fc0    00000200     mmw_per4ft.oer4ft (.data:ti_sysbios_family_arm_v7r_vim_Hwi_Module_State_0_dispatchTable__A)
                  080131c0    000000f0     rtsv7R4_T_le_v3D16_eabi.lib : defs.obj (.data:_ftable)
                  080132b0    00000098     mmw_per4ft.oer4ft (.data:ti_sysbios_utils_Load_Module__state__V)
                  08013348    00000080     mmw_per4ft.oer4ft (.data:ti_sysbios_knl_Task_Module_State_0_readyQ__A)
                  080133c8    00000078     rtsv7R4_T_le_v3D16_eabi.lib : write.obj (.data:_device)
                  08013440    0000005c     mmw_per4ft.oer4ft (.data:ti_sysbios_knl_Task_Object__table__V)
                  0801349c    00000058     libuart_xwr68xx.aer4f : uart_xwr68xx.oer4f (.data:gUartSciHwCfg)
                  080134f4    00000050     rtsv7R4_T_le_v3D16_eabi.lib : write.obj (.data:_stream)
                  08013544    00000048     mmw_per4ft.oer4ft (.data:ti_sysbios_knl_Task_Module__state__V)
                  0801358c    00000040     mmw_per4ft.oer4ft (.data:ti_sysbios_gates_GateMutex_Object__table__V)
                  080135cc    0000003c     mmw_per4ft.oer4ft (.data:ti_sysbios_timers_rti_Timer_Object__table__V)
                  08013608    00000034     mmw_per4ft.oer4ft (.data:ti_sysbios_family_arm_v7r_vim_Hwi_Module__state__V)
                  0801363c    0000002c     mmw_per4ft.oer4ft (.data:ti_sysbios_family_arm_v7r_vim_Hwi_Object__table__V)
                  08013668    0000002c     mmw_per4ft.oer4ft (.data:ti_sysbios_knl_Clock_Module__state__V)
                  08013694    00000028     libuart_xwr68xx.aer4f : uartsci.oer4f (.data:gUartSciFxnTable)
                  080136bc    00000024                           : uart_xwr68xx.oer4f (.data:UART_config)
                  080136e0    00000024     mmw_per4ft.oer4ft (.data:ti_sysbios_BIOS_Module__state__V)
                  08013704    00000024     mmw_per4ft.oer4ft (.data:xdc_runtime_LoggerBuf_Object__table__V)
                  08013728    00000020     mmw_per4ft.oer4ft (.data:ti_sysbios_knl_Clock_Object__table__V)
                  08013748    00000020     mmw_per4ft.oer4ft (.data:xdc_runtime_Error_IgnoreBlock)
                  08013768    00000020     mmw_per4ft.oer4ft (.data:xdc_runtime_System_Module_State_0_atexitHandlers__A)
                  08013788    0000001c     mmw_per4ft.oer4ft (.data:ti_sysbios_utils_Load_Module_State_0_taskEnv__A)
                  080137a4    00000018     mmw_per4ft.oer4ft (.data:ti_sysbios_heaps_HeapMem_Object__table__V)
                  080137bc    00000018     mmw_per4ft.oer4ft (.data:ti_sysbios_timers_rti_Timer_Module_State_0_device__A)
                  080137d4    00000014     mmw_per4ft.oer4ft (.data:ti_sysbios_family_arm_exc_Exception_Module__state__V)
                  080137e8    00000010     rtsv7R4_T_le_v3D16_eabi.lib : defs.obj (.data)
                  080137f8    00000010     mmw_per4ft.oer4ft (.data:ti_sysbios_timers_rti_Timer_Module_State_0_intFreqs__A)
                  08013808    00000010     mmw_per4ft.oer4ft (.data:ti_sysbios_timers_rti_Timer_Module__state__V)
                  08013818    0000000c     rtsv7R4_T_le_v3D16_eabi.lib : exit.obj (.data:$O1$$)
                  08013824    0000000c     mmw_per4ft.oer4ft (.data:ti_sysbios_family_arm_v7a_Pmu_Module__state__V)
                  08013830    0000000c     mmw_per4ft.oer4ft (.data:ti_sysbios_knl_Task_Module__root__V)
                  0801383c    00000008     rtsv7R4_T_le_v3D16_eabi.lib : _lock.obj (.data:$O1$$)
                  08013844    00000008     libgpio_xwr68xx.aer4f : gpio_xwr68xx.oer4f (.data:gGPIOHwAtrrib)
                  0801384c    00000008     mmw_per4ft.oer4ft (.data:ti_sysbios_family_arm_v7r_vim_Hwi_Module__root__V)
                  08013854    00000008     mmw_per4ft.oer4ft (.data:ti_sysbios_gates_GateHwi_Module__root__V)
                  0801385c    00000008     mmw_per4ft.oer4ft (.data:ti_sysbios_gates_GateMutex_Module__root__V)
                  08013864    00000008     mmw_per4ft.oer4ft (.data:ti_sysbios_hal_Hwi_Object__table__V)
                  0801386c    00000008     mmw_per4ft.oer4ft (.data:ti_sysbios_heaps_HeapMem_Module__root__V)
                  08013874    00000008     mmw_per4ft.oer4ft (.data:ti_sysbios_knl_Queue_Module__root__V)
                  0801387c    00000008     mmw_per4ft.oer4ft (.data:ti_sysbios_knl_Semaphore_Module__root__V)
                  08013884    00000008     mmw_per4ft.oer4ft (.data:ti_sysbios_timers_rti_Timer_Module_State_0_handles__A)
                  0801388c    00000008     mmw_per4ft.oer4ft (.data:xdc_runtime_LoggerBuf_Module__root__V)
                  08013894    00000008     mmw_per4ft.oer4ft (.data:xdc_runtime_Registry_Module__state__V)
                  0801389c    00000008     mmw_per4ft.oer4ft (.data:xdc_runtime_Startup_Module__state__V)
                  080138a4    00000008     mmw_per4ft.oer4ft (.data:xdc_runtime_System_Module__state__V)
                  080138ac    00000006     mmw_per4ft.oer4ft (.data:xdc_runtime_LoggerBuf_Module__state__V)
                  080138b2    00000002     mmw_per4ft.oer4ft (.data:ti_sysbios_family_arm_exc_Exception_Module_State_0_excActive__A)
                  080138b4    00000004     libpinmux_xwr68xx.aer4f : pinmux_xwr1xxx.oer4f (.data)
                  080138b8    00000004     libuart_xwr68xx.aer4f : UART.oer4f (.data)
                  080138bc    00000004     rtsv7R4_T_le_v3D16_eabi.lib : errno.obj (.data)
                  080138c0    00000004                                 : fopen.obj (.data)
                  080138c4    00000004                                 : open.obj (.data)
                  080138c8    00000004                                 : stkdepth_vars.obj (.data)
                  080138cc    00000004     mmw_per4ft.oer4ft (.data:ti_sysbios_family_arm_a15_TimestampProvider_Module__state__V)
                  080138d0    00000004     mmw_per4ft.oer4ft (.data:ti_sysbios_family_arm_exc_Exception_Module_State_0_excContext__A)
                  080138d4    00000004     mmw_per4ft.oer4ft (.data:ti_sysbios_family_arm_exc_Exception_Module_State_0_excStackBuffers__A)
                  080138d8    00000004     mmw_per4ft.oer4ft (.data:ti_sysbios_family_arm_exc_Exception_Module_State_0_excStack__A)
                  080138dc    00000004     mmw_per4ft.oer4ft (.data:ti_sysbios_gates_GateHwi_Object__table__V)
                  080138e0    00000004     mmw_per4ft.oer4ft (.data:ti_sysbios_heaps_HeapBuf_Module__state__V)
                  080138e4    00000004     mmw_per4ft.oer4ft (.data:ti_sysbios_knl_Task_Module_State_0_idleTask__A)
                  080138e8    00000004     mmw_per4ft.oer4ft (.data:ti_sysbios_utils_Load_Module_State_0_runningTask__A)
                  080138ec    00000004     mmw_per4ft.oer4ft (.data:ti_sysbios_utils_Load_Module_State_0_taskStartTime__A)
                  080138f0    00000004     mmw_per4ft.oer4ft (.data:xdc_runtime_Memory_Module__state__V)
                  080138f4    00000002     mmw_per4ft.oer4ft (.data:xdc_runtime_Error_Module__state__V)

.myFiqStack 
*          0    080138f8    00000800     UNINITIALIZED
                  080138f8    00000800     mmw_per4ft.oer4ft (.myFiqStack)

.stack     0    080140f8    000004b0     UNINITIALIZED
                  080140f8    000004b0     --HOLE--

xdc.meta   0    00000000    000000f1     COPY SECTION
                  00000000    000000f1     mmw_per4ft.oer4ft (xdc.meta)

xdc.noload 
*          0    00000000    00000000     COPY SECTION

MODULE SUMMARY

       Module                          code    ro data   rw data
       ------                          ----    -------   -------
    .\
       main.oer4f                      312     0         64     
    +--+-------------------------------+-------+---------+---------+
       Total:                          312     0         64     
                                                                
    C:\Users\PETABREW001\workspace_v12\out_of_box_6843_aop\Debug\configPkg\package\cfg\
       mmw_per4ft.oer4ft               1862    1865      80570  
    +--+-------------------------------+-------+---------+---------+
       Total:                          1862    1865      80570  
                                                                
    C:/ti/mmwave_sdk_03_06_00_00-LTS/packages/ti/drivers/dma/lib/libdma_xwr68xx.aer4f
[...]
0000a2b0  ti_sysbios_gates_GateMutex_A_badContext__C                           
0000a2b4  ti_sysbios_gates_GateMutex_Instance_State_sem__O                     
0000a2b8  ti_sysbios_gates_GateMutex_Module__diagsEnabled__C                   
0000a2bc  ti_sysbios_gates_GateMutex_Module__diagsIncluded__C                  
0000a2c0  ti_sysbios_gates_GateMutex_Module__diagsMask__C                      
0000a2c4  ti_sysbios_hal_Hwi_E_stackOverflow__C                                
0000a2c8  ti_sysbios_heaps_HeapBuf_Instance_State_freeList__O                  
0000a2cc  ti_sysbios_heaps_HeapBuf_Object__count__C                            
0000a2d0  ti_sysbios_heaps_HeapBuf_numConstructedHeaps__C                      
0000a2d4  ti_sysbios_heaps_HeapMem_A_align__C                                  
0000a2d8  ti_sysbios_heaps_HeapMem_A_heapSize__C                               
0000a2dc  ti_sysbios_heaps_HeapMem_A_invalidFree__C                            
0000a2e0  ti_sysbios_heaps_HeapMem_A_zeroBlock__C                              
0000a2e4  ti_sysbios_heaps_HeapMem_E_memory__C                                 
0000a2e8  ti_sysbios_heaps_HeapMem_Module__diagsEnabled__C                     
0000a2ec  ti_sysbios_heaps_HeapMem_Module__diagsIncluded__C                    
0000a2f0  ti_sysbios_heaps_HeapMem_Module__diagsMask__C                        
0000a2f4  ti_sysbios_heaps_HeapMem_Module__gateObj__C                          
0000a2f8  ti_sysbios_heaps_HeapMem_Object__count__C                            
0000a2fc  ti_sysbios_heaps_HeapMem_reqAlign__C                                 
0000a300  ti_sysbios_knl_Clock_LM_begin__C                                     
0000a304  ti_sysbios_knl_Clock_LM_tick__C                                      
0000a308  ti_sysbios_knl_Clock_LW_delayed__C                                   
0000a30c  ti_sysbios_knl_Clock_Module_State_clockQ__O                          
0000a310  ti_sysbios_knl_Clock_Module__diagsEnabled__C                         
0000a314  ti_sysbios_knl_Clock_Module__diagsIncluded__C                        
0000a318  ti_sysbios_knl_Clock_Module__diagsMask__C                            
0000a31c  ti_sysbios_knl_Clock_Module__loggerFxn1__C                           
0000a320  ti_sysbios_knl_Clock_Module__loggerFxn2__C                           
0000a324  ti_sysbios_knl_Clock_Module__loggerObj__C                            
0000a328  ti_sysbios_knl_Semaphore_A_badContext__C                             
0000a32c  ti_sysbios_knl_Semaphore_A_noEvents__C                               
0000a330  ti_sysbios_knl_Semaphore_A_overflow__C                               
0000a334  ti_sysbios_knl_Semaphore_A_pendTaskDisabled__C                       
0000a338  ti_sysbios_knl_Semaphore_Instance_State_pendQ__O                     
0000a33c  ti_sysbios_knl_Semaphore_LM_pend__C                                  
0000a340  ti_sysbios_knl_Semaphore_LM_post__C                                  
0000a344  ti_sysbios_knl_Semaphore_Module__diagsEnabled__C                     
0000a348  ti_sysbios_knl_Semaphore_Module__diagsIncluded__C                    
0000a34c  ti_sysbios_knl_Semaphore_Module__diagsMask__C                        
0000a350  ti_sysbios_knl_Semaphore_Module__loggerFxn2__C                       
0000a354  ti_sysbios_knl_Semaphore_Module__loggerFxn4__C                       
0000a358  ti_sysbios_knl_Semaphore_Module__loggerObj__C                        
0000a35c  ti_sysbios_knl_Task_A_badPriority__C                                 
0000a360  ti_sysbios_knl_Task_A_badTaskState__C                                
0000a364  ti_sysbios_knl_Task_A_badThreadType__C                               
0000a368  ti_sysbios_knl_Task_A_badTimeout__C                                  
0000a36c  ti_sysbios_knl_Task_A_noPendElem__C                                  
0000a370  ti_sysbios_knl_Task_A_sleepTaskDisabled__C                           
0000a374  ti_sysbios_knl_Task_E_spOutOfBounds__C                               
0000a378  ti_sysbios_knl_Task_E_stackOverflow__C                               
0000a37c  ti_sysbios_knl_Task_LD_block__C                                      
0000a380  ti_sysbios_knl_Task_LD_exit__C                                       
0000a384  ti_sysbios_knl_Task_LD_ready__C                                      
0000a388  ti_sysbios_knl_Task_LM_sleep__C                                      
0000a38c  ti_sysbios_knl_Task_LM_switch__C                                     
0000a390  ti_sysbios_knl_Task_Module_State_inactiveQ__O                        
0000a394  ti_sysbios_knl_Task_Module__diagsEnabled__C                          
0000a398  ti_sysbios_knl_Task_Module__diagsIncluded__C                         
0000a39c  ti_sysbios_knl_Task_Module__diagsMask__C                             
0000a3a0  ti_sysbios_knl_Task_Module__loggerFxn2__C                            
0000a3a4  ti_sysbios_knl_Task_Module__loggerFxn4__C                            
0000a3a8  ti_sysbios_knl_Task_Module__loggerObj__C                             
0000a3ac  ti_sysbios_knl_Task_Object__count__C                                 
0000a3b0  ti_sysbios_knl_Task_Object__heap__C                                  
0000a3b4  ti_sysbios_knl_Task_allBlockedFunc__C                                
0000a3b8  ti_sysbios_knl_Task_defaultStackHeap__C                              
0000a3bc  ti_sysbios_knl_Task_defaultStackSize__C                              
0000a3c0  ti_sysbios_knl_Task_numConstructedTasks__C                           
0000a3c4  ti_sysbios_timers_rti_Timer_E_cannotSupport__C                       
0000a3c8  ti_sysbios_timers_rti_Timer_Module__diagsEnabled__C                  
0000a3cc  ti_sysbios_timers_rti_Timer_Module__diagsIncluded__C                 
0000a3d0  ti_sysbios_timers_rti_Timer_Module__diagsMask__C                     
0000a3d4  ti_sysbios_timers_rti_Timer_numTimerDevices__C                       
0000a3d8  ti_sysbios_timers_rti_Timer_startupNeeded__C                         
0000a3dc  ti_sysbios_utils_Load_LS_cpuLoad__C                                  
0000a3e0  ti_sysbios_utils_Load_LS_taskLoad__C                                 
0000a3e4  ti_sysbios_utils_Load_Module_State_taskList__O                       
0000a3e8  ti_sysbios_utils_Load_Module__diagsEnabled__C                        
0000a3ec  ti_sysbios_utils_Load_Module__diagsIncluded__C                       
0000a3f0  ti_sysbios_utils_Load_Module__diagsMask__C                           
0000a3f4  ti_sysbios_utils_Load_Module__loggerFxn1__C                          
0000a3f8  ti_sysbios_utils_Load_Module__loggerFxn4__C                          
0000a3fc  ti_sysbios_utils_Load_Module__loggerObj__C                           
0000a400  ti_sysbios_utils_Load_postUpdate__C                                  
0000a404  ti_sysbios_utils_Load_windowInMs__C                                  
0000a408  xdc_runtime_Assert_E_assertFailed__C                                 
0000a40c  xdc_runtime_Core_A_initializedParams__C                              
0000a410  xdc_runtime_Core_Module__diagsEnabled__C                             
0000a414  xdc_runtime_Core_Module__diagsIncluded__C                            
0000a418  xdc_runtime_Core_Module__diagsMask__C                                
0000a41c  xdc_runtime_Error_E_memory__C                                        
0000a420  xdc_runtime_Error_Module__diagsEnabled__C                            
0000a424  xdc_runtime_Error_Module__diagsIncluded__C                           
0000a428  xdc_runtime_Error_Module__diagsMask__C                               
0000a42c  xdc_runtime_Error_Module__loggerFxn8__C                              
0000a430  xdc_runtime_Error_Module__loggerObj__C                               
0000a434  xdc_runtime_Error_policyFxn__C                                       
0000a438  xdc_runtime_Error_policy__C                                          
0000a43c  xdc_runtime_Error_raiseHook__C                                       
0000a440  xdc_runtime_IFilterLogger_Interface__BASE__C                         
0000a444  xdc_runtime_IGateProvider_Interface__BASE__C                         
0000a448  xdc_runtime_IHeap_Interface__BASE__C                                 
0000a44c  xdc_runtime_ILogger_Interface__BASE__C                               
0000a450  xdc_runtime_IModule_Interface__BASE__C                               
0000a454  xdc_runtime_Log_L_error__C                                           
0000a458  xdc_runtime_LoggerBuf_E_badLevel__C                                  
0000a45c  xdc_runtime_LoggerBuf_Module__gateObj__C                             
0000a460  xdc_runtime_LoggerBuf_Object__count__C                               
0000a464  xdc_runtime_LoggerBuf_statusLogger__C                                
0000a468  xdc_runtime_Memory_defaultHeapInstance__C                            
0000a46c  xdc_runtime_Startup_execImpl__C                                      
0000a470  xdc_runtime_Startup_maxPasses__C                                     
0000a474  xdc_runtime_Startup_sfxnRts__C                                       
0000a478  xdc_runtime_Startup_sfxnTab__C                                       
0000a47c  xdc_runtime_System_Module__gateObj__C                                
0000a480  xdc_runtime_System_abortFxn__C                                       
0000a484  xdc_runtime_System_exitFxn__C                                        
0000a488  xdc_runtime_System_extendFxn__C                                      
0000a48c  xdc_runtime_System_maxAtexitHandlers__C                              
0000a490  xdc_runtime_Text_charTab__C                                          
0000a494  xdc_runtime_Text_nameEmpty__C                                        
0000a498  xdc_runtime_Text_nameStatic__C                                       
0000a49c  xdc_runtime_Text_nameUnknown__C                                      
0000a4a0  xdc_runtime_Text_visitRopeFxn__C                                     
0000a4a4  ti_sysbios_family_arm_v7r_tms570_Core_Module__id__C                  
0000a4a6  ti_sysbios_family_arm_v7r_vim_Hwi_Module__id__C                      
0000a4a8  ti_sysbios_family_arm_v7r_vim_Hwi_Module__loggerDefined__C           
0000a4aa  ti_sysbios_gates_GateMutex_Module__id__C                             
0000a4ac  ti_sysbios_hal_Hwi_Module__id__C                                     
0000a4ae  ti_sysbios_heaps_HeapMem_Module__id__C                               
0000a4b0  ti_sysbios_knl_Clock_Module__id__C                                   
0000a4b2  ti_sysbios_knl_Clock_Module__loggerDefined__C                        
0000a4b4  ti_sysbios_knl_Semaphore_Module__id__C                               
0000a4b6  ti_sysbios_knl_Semaphore_Module__loggerDefined__C                    
0000a4b8  ti_sysbios_knl_Task_Module__id__C                                    
0000a4ba  ti_sysbios_knl_Task_Module__loggerDefined__C                         
0000a4bc  ti_sysbios_timers_rti_Timer_Module__id__C                            
0000a4be  ti_sysbios_timers_rti_Timer_continueOnSuspend__C                     
0000a4c0  ti_sysbios_utils_Load_Module__id__C                                  
0000a4c2  ti_sysbios_utils_Load_Module__loggerDefined__C                       
0000a4c4  ti_sysbios_utils_Load_autoAddTasks__C                                
0000a4c6  ti_sysbios_utils_Load_updateInIdle__C                                
0000a4c8  xdc_runtime_Core_Module__id__C                                       
0000a4ca  xdc_runtime_Error_Module__loggerDefined__C                           
0000a4cc  xdc_runtime_Error_maxDepth__C                                        
0000a4ce  xdc_runtime_LoggerBuf_Module__id__C                                  
0000a4d0  xdc_runtime_LoggerBuf_filterByLevel__C                               
0000a4d2  xdc_runtime_Main_Module__id__C                                       
0000a4d4  xdc_runtime_Memory_Module__id__C                                     
0000a4d6  xdc_runtime_Text_charCnt__C                                          
0000a4d8  xdc_runtime_Text_isLoaded__C                                         
0000a4da  xdc_runtime_Text_registryModsLastId__C                               
0000a4dc  xdc_runtime_Text_unnamedModsLastId__C                                
0000a4e0  __TI_static_base__                                                   
0000a77c  __TI_Handler_Table_Base                                              
0000a788  __TI_Handler_Table_Limit                                             
0000a7a0  __TI_CINIT_Base                                                      
0000a7c0  __TI_CINIT_Limit                                                     
08000000  ti_sysbios_heaps_HeapMem_Instance_State_0_buf__A                     
08010000  xdc_runtime_LoggerBuf_Instance_State_0_entryArr__A                   
08011900  ti_sysbios_family_arm_exc_Exception_Module_State_0_excStack_0__A     
08012900  ti_sysbios_knl_Task_Instance_State_0_stack__A                        
08012c20  gGPIOMCB                                                             
08012db4  __CIOBUF_                                                            
08012ed4  __TI_tmpnams                                                         
08012f74  uart                                                                 
08012f78  uartParams                                                           
08012fb4  parmbuf                                                              
08012fbc  ti_sysbios_knl_Task_Instance_State_0_hookEnv__A                      
08012fc0  ti_sysbios_family_arm_v7r_vim_Hwi_Module_State_0_dispatchTable__A    
080131c0  _ftable                                                              
080132b0  ti_sysbios_utils_Load_Module__state__V                               
08013348  ti_sysbios_knl_Task_Module_State_0_readyQ__A                         
080133c8  _device                                                              
08013440  ti_sysbios_knl_Task_Object__table__V                                 
0801349c  gUartSciHwCfg                                                        
080134f4  _stream                                                              
08013544  ti_sysbios_knl_Task_Module__state__V                                 
0801358c  ti_sysbios_gates_GateMutex_Object__table__V                          
080135cc  ti_sysbios_timers_rti_Timer_Object__table__V                         
08013608  ti_sysbios_family_arm_v7r_vim_Hwi_Module__state__V                   
0801363c  ti_sysbios_family_arm_v7r_vim_Hwi_Object__table__V                   
08013668  ti_sysbios_knl_Clock_Module__state__V                                
08013694  gUartSciFxnTable                                                     
080136bc  UART_config                                                          
080136e0  ti_sysbios_BIOS_Module__state__V                                     
08013704  xdc_runtime_LoggerBuf_Object__table__V                               
08013728  ti_sysbios_knl_Clock_Object__table__V                                
08013748  xdc_runtime_Error_IgnoreBlock                                        
08013768  xdc_runtime_System_Module_State_0_atexitHandlers__A                  
08013788  ti_sysbios_utils_Load_Module_State_0_taskEnv__A                      
080137a4  ti_sysbios_heaps_HeapMem_Object__table__V                            
080137bc  ti_sysbios_timers_rti_Timer_Module_State_0_device__A                 
080137d4  ti_sysbios_family_arm_exc_Exception_Module__state__V                 
080137e8  __TI_ft_end                                                          
080137ec  __aeabi_stdin                                                        
080137f0  __aeabi_stdout                                                       
080137f4  __aeabi_stderr                                                       
080137f8  ti_sysbios_timers_rti_Timer_Module_State_0_intFreqs__A               
08013808  ti_sysbios_timers_rti_Timer_Module__state__V                         
08013818  __TI_cleanup_ptr                                                     
0801381c  __TI_dtors_ptr                                                       
08013820  __TI_enable_exit_profile_output                                      
08013824  ti_sysbios_family_arm_v7a_Pmu_Module__state__V                       
08013830  ti_sysbios_knl_Task_Module__root__V                                  
0801383c  _lock                                                                
08013840  _unlock                                                              
08013844  gGPIOHwAtrrib                                                        
0801384c  ti_sysbios_family_arm_v7r_vim_Hwi_Module__root__V                    
08013854  ti_sysbios_gates_GateHwi_Module__root__V                             
0801385c  ti_sysbios_gates_GateMutex_Module__root__V                           
08013864  ti_sysbios_hal_Hwi_Object__table__V                                  
0801386c  ti_sysbios_heaps_HeapMem_Module__root__V                             
08013874  ti_sysbios_knl_Queue_Module__root__V                                 
0801387c  ti_sysbios_knl_Semaphore_Module__root__V                             
08013884  ti_sysbios_timers_rti_Timer_Module_State_0_handles__A                
0801388c  xdc_runtime_LoggerBuf_Module__root__V                                
08013894  xdc_runtime_Registry_Module__state__V                                
0801389c  xdc_runtime_Startup_Module__state__V                                 
080138a4  xdc_runtime_System_Module__state__V                                  
080138ac  xdc_runtime_LoggerBuf_Module__state__V                               
080138b2  ti_sysbios_family_arm_exc_Exception_Module_State_0_excActive__A      
080138b4  gPinmuxRegs                                                          
080138bc  errno                                                                
080138c8  main_func_sp                                                         
080138cc  ti_sysbios_family_arm_a15_TimestampProvider_Module__state__V         
080138d0  ti_sysbios_family_arm_exc_Exception_Module_State_0_excContext__A     
080138d4  ti_sysbios_family_arm_exc_Exception_Module_State_0_excStackBuffers__A
080138d8  ti_sysbios_family_arm_exc_Exception_Module_State_0_excStack__A       
080138dc  ti_sysbios_gates_GateHwi_Object__table__V                            
080138e0  ti_sysbios_heaps_HeapBuf_Module__state__V                            
080138e4  ti_sysbios_knl_Task_Module_State_0_idleTask__A                       
080138e8  ti_sysbios_utils_Load_Module_State_0_runningTask__A                  
080138ec  ti_sysbios_utils_Load_Module_State_0_taskStartTime__A                
080138f0  xdc_runtime_Memory_Module__state__V                                  
080138f4  xdc_runtime_Error_Module__state__V                                   
080138f8  ti_sysbios_family_arm_v7r_vim_Hwi_Module_State_0_fiqStack__A         
080140f8  __stack                                                              
080145a8  __STACK_END                                                          
fffffdec  ti_sysbios_family_arm_v7r_vim_Hwi_vim                                
ffffffff  __TI_pprof_out_hndl                                                  
ffffffff  __TI_prof_data_size                                                  
ffffffff  __TI_prof_data_start                                                 
ffffffff  __binit__                                                            
ffffffff  __c_args__                                                           
ffffffff  binit                                                                
UNDEFED   SHT$$INIT_ARRAY$$Base                                                
UNDEFED   SHT$$INIT_ARRAY$$Limit                                               

[724 symbols]
